Archive member included to satisfy reference by file (symbol)

c:/st/stm32cubeide_1.0.2/stm32cubeide/plugins/com.st.stm32cube.ide.mcu.externaltools.gnu-tools-for-stm32.7-2018-q2-update.win32_1.5.0.202011040924/tools/bin/../lib/gcc/arm-none-eabi/7.3.1/../../../../arm-none-eabi/lib/thumb/v7e-m/fpv4-sp/hard\libc_nano.a(lib_a-errno.o)
                              Core/Src/syscalls.o (__errno)
c:/st/stm32cubeide_1.0.2/stm32cubeide/plugins/com.st.stm32cube.ide.mcu.externaltools.gnu-tools-for-stm32.7-2018-q2-update.win32_1.5.0.202011040924/tools/bin/../lib/gcc/arm-none-eabi/7.3.1/../../../../arm-none-eabi/lib/thumb/v7e-m/fpv4-sp/hard\libc_nano.a(lib_a-exit.o)
                              c:/st/stm32cubeide_1.0.2/stm32cubeide/plugins/com.st.stm32cube.ide.mcu.externaltools.gnu-tools-for-stm32.7-2018-q2-update.win32_1.5.0.202011040924/tools/bin/../lib/gcc/arm-none-eabi/7.3.1/../../../../arm-none-eabi/lib/thumb/v7e-m/fpv4-sp/hard/crt0.o (exit)
c:/st/stm32cubeide_1.0.2/stm32cubeide/plugins/com.st.stm32cube.ide.mcu.externaltools.gnu-tools-for-stm32.7-2018-q2-update.win32_1.5.0.202011040924/tools/bin/../lib/gcc/arm-none-eabi/7.3.1/../../../../arm-none-eabi/lib/thumb/v7e-m/fpv4-sp/hard\libc_nano.a(lib_a-impure.o)
                              c:/st/stm32cubeide_1.0.2/stm32cubeide/plugins/com.st.stm32cube.ide.mcu.externaltools.gnu-tools-for-stm32.7-2018-q2-update.win32_1.5.0.202011040924/tools/bin/../lib/gcc/arm-none-eabi/7.3.1/../../../../arm-none-eabi/lib/thumb/v7e-m/fpv4-sp/hard\libc_nano.a(lib_a-exit.o) (_global_impure_ptr)
c:/st/stm32cubeide_1.0.2/stm32cubeide/plugins/com.st.stm32cube.ide.mcu.externaltools.gnu-tools-for-stm32.7-2018-q2-update.win32_1.5.0.202011040924/tools/bin/../lib/gcc/arm-none-eabi/7.3.1/../../../../arm-none-eabi/lib/thumb/v7e-m/fpv4-sp/hard\libc_nano.a(lib_a-init.o)
                              c:/st/stm32cubeide_1.0.2/stm32cubeide/plugins/com.st.stm32cube.ide.mcu.externaltools.gnu-tools-for-stm32.7-2018-q2-update.win32_1.5.0.202011040924/tools/bin/../lib/gcc/arm-none-eabi/7.3.1/../../../../arm-none-eabi/lib/thumb/v7e-m/fpv4-sp/hard/crt0.o (__libc_init_array)
c:/st/stm32cubeide_1.0.2/stm32cubeide/plugins/com.st.stm32cube.ide.mcu.externaltools.gnu-tools-for-stm32.7-2018-q2-update.win32_1.5.0.202011040924/tools/bin/../lib/gcc/arm-none-eabi/7.3.1/../../../../arm-none-eabi/lib/thumb/v7e-m/fpv4-sp/hard\libc_nano.a(lib_a-malloc.o)
                              Middlewares/ST/STM32_USB_Host_Library/Class/CDC/Src/usbh_cdc.o (malloc)
c:/st/stm32cubeide_1.0.2/stm32cubeide/plugins/com.st.stm32cube.ide.mcu.externaltools.gnu-tools-for-stm32.7-2018-q2-update.win32_1.5.0.202011040924/tools/bin/../lib/gcc/arm-none-eabi/7.3.1/../../../../arm-none-eabi/lib/thumb/v7e-m/fpv4-sp/hard\libc_nano.a(lib_a-memcpy-stub.o)
                              Middlewares/Third_Party/FreeRTOS/Source/queue.o (memcpy)
c:/st/stm32cubeide_1.0.2/stm32cubeide/plugins/com.st.stm32cube.ide.mcu.externaltools.gnu-tools-for-stm32.7-2018-q2-update.win32_1.5.0.202011040924/tools/bin/../lib/gcc/arm-none-eabi/7.3.1/../../../../arm-none-eabi/lib/thumb/v7e-m/fpv4-sp/hard\libc_nano.a(lib_a-memset.o)
                              c:/st/stm32cubeide_1.0.2/stm32cubeide/plugins/com.st.stm32cube.ide.mcu.externaltools.gnu-tools-for-stm32.7-2018-q2-update.win32_1.5.0.202011040924/tools/bin/../lib/gcc/arm-none-eabi/7.3.1/../../../../arm-none-eabi/lib/thumb/v7e-m/fpv4-sp/hard/crt0.o (memset)
c:/st/stm32cubeide_1.0.2/stm32cubeide/plugins/com.st.stm32cube.ide.mcu.externaltools.gnu-tools-for-stm32.7-2018-q2-update.win32_1.5.0.202011040924/tools/bin/../lib/gcc/arm-none-eabi/7.3.1/../../../../arm-none-eabi/lib/thumb/v7e-m/fpv4-sp/hard\libc_nano.a(lib_a-nano-freer.o)
                              c:/st/stm32cubeide_1.0.2/stm32cubeide/plugins/com.st.stm32cube.ide.mcu.externaltools.gnu-tools-for-stm32.7-2018-q2-update.win32_1.5.0.202011040924/tools/bin/../lib/gcc/arm-none-eabi/7.3.1/../../../../arm-none-eabi/lib/thumb/v7e-m/fpv4-sp/hard\libc_nano.a(lib_a-malloc.o) (_free_r)
c:/st/stm32cubeide_1.0.2/stm32cubeide/plugins/com.st.stm32cube.ide.mcu.externaltools.gnu-tools-for-stm32.7-2018-q2-update.win32_1.5.0.202011040924/tools/bin/../lib/gcc/arm-none-eabi/7.3.1/../../../../arm-none-eabi/lib/thumb/v7e-m/fpv4-sp/hard\libc_nano.a(lib_a-nano-mallocr.o)
                              c:/st/stm32cubeide_1.0.2/stm32cubeide/plugins/com.st.stm32cube.ide.mcu.externaltools.gnu-tools-for-stm32.7-2018-q2-update.win32_1.5.0.202011040924/tools/bin/../lib/gcc/arm-none-eabi/7.3.1/../../../../arm-none-eabi/lib/thumb/v7e-m/fpv4-sp/hard\libc_nano.a(lib_a-malloc.o) (_malloc_r)
c:/st/stm32cubeide_1.0.2/stm32cubeide/plugins/com.st.stm32cube.ide.mcu.externaltools.gnu-tools-for-stm32.7-2018-q2-update.win32_1.5.0.202011040924/tools/bin/../lib/gcc/arm-none-eabi/7.3.1/../../../../arm-none-eabi/lib/thumb/v7e-m/fpv4-sp/hard\libc_nano.a(lib_a-sbrkr.o)
[...]
Memory Configuration

Name             Origin             Length             Attributes
CCMRAM           0x0000000010000000 0x0000000000010000 xrw
RAM              0x0000000020000000 0x0000000000020000 xrw
FLASH            0x0000000008000000 0x0000000000100000 xr
*default*        0x0000000000000000 0xffffffffffffffff

Linker script and memory map

LOAD c:/st/stm32cubeide_1.0.2/stm32cubeide/plugins/com.st.stm32cube.ide.mcu.externaltools.gnu-tools-for-stm32.7-2018-q2-update.win32_1.5.0.202011040924/tools/bin/../lib/gcc/arm-none-eabi/7.3.1/thumb/v7e-m/fpv4-sp/hard/crti.o
LOAD c:/st/stm32cubeide_1.0.2/stm32cubeide/plugins/com.st.stm32cube.ide.mcu.externaltools.gnu-tools-for-stm32.7-2018-q2-update.win32_1.5.0.202011040924/tools/bin/../lib/gcc/arm-none-eabi/7.3.1/thumb/v7e-m/fpv4-sp/hard/crtbegin.o
LOAD c:/st/stm32cubeide_1.0.2/stm32cubeide/plugins/com.st.stm32cube.ide.mcu.externaltools.gnu-tools-for-stm32.7-2018-q2-update.win32_1.5.0.202011040924/tools/bin/../lib/gcc/arm-none-eabi/7.3.1/../../../../arm-none-eabi/lib/thumb/v7e-m/fpv4-sp/hard/crt0.o
LOAD Core/Src/freertos.o
LOAD Core/Src/main.o
LOAD Core/Src/stm32f4xx_hal_msp.o
LOAD Core/Src/stm32f4xx_hal_timebase_tim.o
LOAD Core/Src/stm32f4xx_it.o
LOAD Core/Src/syscalls.o
LOAD Core/Src/sysmem.o
LOAD Core/Src/system_stm32f4xx.o
LOAD Core/Startup/startup_stm32f407vgtx.o
LOAD Drivers/STM32F4xx_HAL_Driver/Src/stm32f4xx_hal.o
LOAD Drivers/STM32F4xx_HAL_Driver/Src/stm32f4xx_hal_cortex.o
LOAD Drivers/STM32F4xx_HAL_Driver/Src/stm32f4xx_hal_dma.o
LOAD Drivers/STM32F4xx_HAL_Driver/Src/stm32f4xx_hal_dma_ex.o
LOAD Drivers/STM32F4xx_HAL_Driver/Src/stm32f4xx_hal_exti.o
LOAD Drivers/STM32F4xx_HAL_Driver/Src/stm32f4xx_hal_flash.o
LOAD Drivers/STM32F4xx_HAL_Driver/Src/stm32f4xx_hal_flash_ex.o
LOAD Drivers/STM32F4xx_HAL_Driver/Src/stm32f4xx_hal_flash_ramfunc.o
LOAD Drivers/STM32F4xx_HAL_Driver/Src/stm32f4xx_hal_gpio.o
LOAD Drivers/STM32F4xx_HAL_Driver/Src/stm32f4xx_hal_hcd.o
LOAD Drivers/STM32F4xx_HAL_Driver/Src/stm32f4xx_hal_i2c.o
LOAD Drivers/STM32F4xx_HAL_Driver/Src/stm32f4xx_hal_i2c_ex.o
LOAD Drivers/STM32F4xx_HAL_Driver/Src/stm32f4xx_hal_i2s.o
LOAD Drivers/STM32F4xx_HAL_Driver/Src/stm32f4xx_hal_i2s_ex.o
LOAD Drivers/STM32F4xx_HAL_Driver/Src/stm32f4xx_hal_pwr.o
LOAD Drivers/STM32F4xx_HAL_Driver/Src/stm32f4xx_hal_pwr_ex.o
LOAD Drivers/STM32F4xx_HAL_Driver/Src/stm32f4xx_hal_rcc.o
LOAD Drivers/STM32F4xx_HAL_Driver/Src/stm32f4xx_hal_rcc_ex.o
LOAD Drivers/STM32F4xx_HAL_Driver/Src/stm32f4xx_hal_spi.o
LOAD Drivers/STM32F4xx_HAL_Driver/Src/stm32f4xx_hal_tim.o
LOAD Drivers/STM32F4xx_HAL_Driver/Src/stm32f4xx_hal_tim_ex.o
LOAD Drivers/STM32F4xx_HAL_Driver/Src/stm32f4xx_hal_uart.o
LOAD Drivers/STM32F4xx_HAL_Driver/Src/stm32f4xx_ll_usb.o
LOAD Drivers/hc05/src/stm32_uart.o
LOAD Middlewares/ST/STM32_USB_Host_Library/Class/CDC/Src/usbh_cdc.o
LOAD Middlewares/ST/STM32_USB_Host_Library/Core/Src/usbh_core.o
LOAD Middlewares/ST/STM32_USB_Host_Library/Core/Src/usbh_ctlreq.o
LOAD Middlewares/ST/STM32_USB_Host_Library/Core/Src/usbh_ioreq.o
LOAD Middlewares/ST/STM32_USB_Host_Library/Core/Src/usbh_pipes.o
LOAD Middlewares/Third_Party/FreeRTOS/Source/CMSIS_RTOS/cmsis_os.o
LOAD Middlewares/Third_Party/FreeRTOS/Source/croutine.o
LOAD Middlewares/Third_Party/FreeRTOS/Source/event_groups.o
LOAD Middlewares/Third_Party/FreeRTOS/Source/list.o
LOAD Middlewares/Third_Party/FreeRTOS/Source/queue.o
LOAD Middlewares/Third_Party/FreeRTOS/Source/stream_buffer.o
LOAD Middlewares/Third_Party/FreeRTOS/Source/tasks.o
LOAD Middlewares/Third_Party/FreeRTOS/Source/timers.o
LOAD Middlewares/Third_Party/FreeRTOS/Source/portable/GCC/ARM_CM4F/port.o
LOAD Middlewares/Third_Party/FreeRTOS/Source/portable/MemMang/heap_4.o
LOAD USB_HOST/App/usb_host.o
LOAD USB_HOST/Target/usbh_conf.o
LOAD USB_HOST/Target/usbh_platform.o
START GROUP
LOAD c:/st/stm32cubeide_1.0.2/stm32cubeide/plugins/com.st.stm32cube.ide.mcu.externaltools.gnu-tools-for-stm32.7-2018-q2-update.win32_1.5.0.202011040924/tools/bin/../lib/gcc/arm-none-eabi/7.3.1/../../../../arm-none-eabi/lib/thumb/v7e-m/fpv4-sp/hard\libstdc++_nano.a
LOAD c:/st/stm32cubeide_1.0.2/stm32cubeide/plugins/com.st.stm32cube.ide.mcu.externaltools.gnu-tools-for-stm32.7-2018-q2-update.win32_1.5.0.202011040924/tools/bin/../lib/gcc/arm-none-eabi/7.3.1/../../../../arm-none-eabi/lib/thumb/v7e-m/fpv4-sp/hard\libsupc++_nano.a
END GROUP
LOAD c:/st/stm32cubeide_1.0.2/stm32cubeide/plugins/com.st.stm32cube.ide.mcu.externaltools.gnu-tools-for-stm32.7-2018-q2-update.win32_1.5.0.202011040924/tools/bin/../lib/gcc/arm-none-eabi/7.3.1/../../../../arm-none-eabi/lib/thumb/v7e-m/fpv4-sp/hard\libstdc++_nano.a
LOAD c:/st/stm32cubeide_1.0.2/stm32cubeide/plugins/com.st.stm32cube.ide.mcu.externaltools.gnu-tools-for-stm32.7-2018-q2-update.win32_1.5.0.202011040924/tools/bin/../lib/gcc/arm-none-eabi/7.3.1/../../../../arm-none-eabi/lib/thumb/v7e-m/fpv4-sp/hard\libm.a
LOAD c:/st/stm32cubeide_1.0.2/stm32cubeide/plugins/com.st.stm32cube.ide.mcu.externaltools.gnu-tools-for-stm32.7-2018-q2-update.win32_1.5.0.202011040924/tools/bin/../lib/gcc/arm-none-eabi/7.3.1/../../../../arm-none-eabi/lib/thumb/v7e-m/fpv4-sp/hard\libc_nano.a
START GROUP
LOAD c:/st/stm32cubeide_1.0.2/stm32cubeide/plugins/com.st.stm32cube.ide.mcu.externaltools.gnu-tools-for-stm32.7-2018-q2-update.win32_1.5.0.202011040924/tools/bin/../lib/gcc/arm-none-eabi/7.3.1/thumb/v7e-m/fpv4-sp/hard\libgcc.a
LOAD c:/st/stm32cubeide_1.0.2/stm32cubeide/plugins/com.st.stm32cube.ide.mcu.externaltools.gnu-tools-for-stm32.7-2018-q2-update.win32_1.5.0.202011040924/tools/bin/../lib/gcc/arm-none-eabi/7.3.1/../../../../arm-none-eabi/lib/thumb/v7e-m/fpv4-sp/hard\libc_nano.a
END GROUP
START GROUP
LOAD c:/st/stm32cubeide_1.0.2/stm32cubeide/plugins/com.st.stm32cube.ide.mcu.externaltools.gnu-tools-for-stm32.7-2018-q2-update.win32_1.5.0.202011040924/tools/bin/../lib/gcc/arm-none-eabi/7.3.1/thumb/v7e-m/fpv4-sp/hard\libgcc.a
LOAD c:/st/stm32cubeide_1.0.2/stm32cubeide/plugins/com.st.stm32cube.ide.mcu.externaltools.gnu-tools-for-stm32.7-2018-q2-update.win32_1.5.0.202011040924/tools/bin/../lib/gcc/arm-none-eabi/7.3.1/../../../../arm-none-eabi/lib/thumb/v7e-m/fpv4-sp/hard\libc_nano.a
LOAD c:/st/stm32cubeide_1.0.2/stm32cubeide/plugins/com.st.stm32cube.ide.mcu.externaltools.gnu-tools-for-stm32.7-2018-q2-update.win32_1.5.0.202011040924/tools/bin/../lib/gcc/arm-none-eabi/7.3.1/../../../../arm-none-eabi/lib/thumb/v7e-m/fpv4-sp/hard\libnosys.a
END GROUP
START GROUP
LOAD c:/st/stm32cubeide_1.0.2/stm32cubeide/plugins/com.st.stm32cube.ide.mcu.externaltools.gnu-tools-for-stm32.7-2018-q2-update.win32_1.5.0.202011040924/tools/bin/../lib/gcc/arm-none-eabi/7.3.1/thumb/v7e-m/fpv4-sp/hard\libgcc.a
LOAD c:/st/stm32cubeide_1.0.2/stm32cubeide/plugins/com.st.stm32cube.ide.mcu.externaltools.gnu-tools-for-stm32.7-2018-q2-update.win32_1.5.0.202011040924/tools/bin/../lib/gcc/arm-none-eabi/7.3.1/../../../../arm-none-eabi/lib/thumb/v7e-m/fpv4-sp/hard\libc_nano.a
LOAD c:/st/stm32cubeide_1.0.2/stm32cubeide/plugins/com.st.stm32cube.ide.mcu.externaltools.gnu-tools-for-stm32.7-2018-q2-update.win32_1.5.0.202011040924/tools/bin/../lib/gcc/arm-none-eabi/7.3.1/../../../../arm-none-eabi/lib/thumb/v7e-m/fpv4-sp/hard\libnosys.a
END GROUP
LOAD c:/st/stm32cubeide_1.0.2/stm32cubeide/plugins/com.st.stm32cube.ide.mcu.externaltools.gnu-tools-for-stm32.7-2018-q2-update.win32_1.5.0.202011040924/tools/bin/../lib/gcc/arm-none-eabi/7.3.1/thumb/v7e-m/fpv4-sp/hard/crtend.o
LOAD c:/st/stm32cubeide_1.0.2/stm32cubeide/plugins/com.st.stm32cube.ide.mcu.externaltools.gnu-tools-for-stm32.7-2018-q2-update.win32_1.5.0.202011040924/tools/bin/../lib/gcc/arm-none-eabi/7.3.1/thumb/v7e-m/fpv4-sp/hard/crtn.o
                0x0000000020020000                _estack = (ORIGIN (RAM) + LENGTH (RAM))
                0x0000000000000200                _Min_Heap_Size = 0x200
                0x0000000000000400                _Min_Stack_Size = 0x400

.isr_vector     0x0000000008000000      0x188
                0x0000000008000000                . = ALIGN (0x4)
 *(.isr_vector)
 .isr_vector    0x0000000008000000      0x188 Core/Startup/startup_stm32f407vgtx.o
                0x0000000008000000                g_pfnVectors
                0x0000000008000188                . = ALIGN (0x4)

.text           0x0000000008000190     0xb318
                0x0000000008000190                . = ALIGN (0x4)
 *(.text)
 .text          0x0000000008000190       0x40 c:/st/stm32cubeide_1.0.2/stm32cubeide/plugins/com.st.stm32cube.ide.mcu.externaltools.gnu-tools-for-stm32.7-2018-q2-update.win32_1.5.0.202011040924/tools/bin/../lib/gcc/arm-none-eabi/7.3.1/thumb/v7e-m/fpv4-sp/hard/crtbegin.o
 .text          0x00000000080001d0       0x30 c:/st/stm32cubeide_1.0.2/stm32cubeide/plugins/com.st.stm32cube.ide.mcu.externaltools.gnu-tools-for-stm32.7-2018-q2-update.win32_1.5.0.202011040924/tools/bin/../lib/gcc/arm-none-eabi/7.3.1/thumb/v7e-m/fpv4-sp/hard\libgcc.a(_aeabi_uldivmod.o)
                0x00000000080001d0                __aeabi_uldivmod
 .text          0x0000000008000200      0x2cc c:/st/stm32cubeide_1.0.2/stm32cubeide/plugins/com.st.stm32cube.ide.mcu.externaltools.gnu-tools-for-stm32.7-2018-q2-update.win32_1.5.0.202011040924/tools/bin/../lib/gcc/arm-none-eabi/7.3.1/thumb/v7e-m/fpv4-sp/hard\libgcc.a(_udivmoddi4.o)
                0x0000000008000200                __udivmoddi4
 .text          0x00000000080004cc        0x4 c:/st/stm32cubeide_1.0.2/stm32cubeide/plugins/com.st.stm32cube.ide.mcu.externaltools.gnu-tools-for-stm32.7-2018-q2-update.win32_1.5.0.202011040924/tools/bin/../lib/gcc/arm-none-eabi/7.3.1/thumb/v7e-m/fpv4-sp/hard\libgcc.a(_dvmd_tls.o)
                0x00000000080004cc                __aeabi_idiv0
                0x00000000080004cc                __aeabi_ldiv0
 *(.text*)
 .text.vApplicationGetIdleTaskMemory
                0x00000000080004d0       0x34 Core/Src/freertos.o
                0x00000000080004d0                vApplicationGetIdleTaskMemory
 .text.main     0x0000000008000504       0x80 Core/Src/main.o
                0x0000000008000504                main
 .text.SystemClock_Config
                0x0000000008000584      0x104 Core/Src/main.o
                0x0000000008000584                SystemClock_Config
 .text.MX_I2C1_Init
                0x0000000008000688       0x5c Core/Src/main.o
 .text.MX_I2S3_Init
                0x00000000080006e4       0x60 Core/Src/main.o
 .text.MX_SPI1_Init
                0x0000000008000744       0x6c Core/Src/main.o
 .text.MX_USART2_UART_Init
                0x00000000080007b0       0x54 Core/Src/main.o
 .text.MX_GPIO_Init
                0x0000000008000804      0x1fc Core/Src/main.o
 .text.StartDefaultTask
                0x0000000008000a00       0x14 Core/Src/main.o
                0x0000000008000a00                StartDefaultTask
 .text.Application_Task1
                0x0000000008000a14       0xc8 Core/Src/main.o
                0x0000000008000a14                Application_Task1
 .text.HAL_TIM_PeriodElapsedCallback
                0x0000000008000adc       0x24 Core/Src/main.o
                0x0000000008000adc                HAL_TIM_PeriodElapsedCallback
 .text.Error_Handler
                0x0000000008000b00        0x8 Core/Src/main.o
                0x0000000008000b00                Error_Handler
 .text.HAL_MspInit
                0x0000000008000b08       0x58 Core/Src/stm32f4xx_hal_msp.o
                0x0000000008000b08                HAL_MspInit
 .text.HAL_I2C_MspInit
                0x0000000008000b60       0x90 Core/Src/stm32f4xx_hal_msp.o
                0x0000000008000b60                HAL_I2C_MspInit
 .text.HAL_I2S_MspInit
                0x0000000008000bf0       0xd0 Core/Src/stm32f4xx_hal_msp.o
                0x0000000008000bf0                HAL_I2S_MspInit
 .text.HAL_SPI_MspInit
                0x0000000008000cc0       0x90 Core/Src/stm32f4xx_hal_msp.o
                0x0000000008000cc0                HAL_SPI_MspInit
 .text.HAL_UART_MspInit
                0x0000000008000d50       0xa0 Core/Src/stm32f4xx_hal_msp.o
                0x0000000008000d50                HAL_UART_MspInit
 .text.HAL_InitTick
                0x0000000008000df0       0xb4 Core/Src/stm32f4xx_hal_timebase_tim.o
                0x0000000008000df0                HAL_InitTick
 .text.NMI_Handler
                0x0000000008000ea4        0x6 Core/Src/stm32f4xx_it.o
                0x0000000008000ea4                NMI_Handler
 .text.HardFault_Handler
                0x0000000008000eaa        0x6 Core/Src/stm32f4xx_it.o
                0x0000000008000eaa                HardFault_Handler
 .text.MemManage_Handler
                0x0000000008000eb0        0x6 Core/Src/stm32f4xx_it.o
                0x0000000008000eb0                MemManage_Handler
 .text.BusFault_Handler
                0x0000000008000eb6        0x6 Core/Src/stm32f4xx_it.o
                0x0000000008000eb6                BusFault_Handler
 .text.UsageFault_Handler
                0x0000000008000ebc        0x6 Core/Src/stm32f4xx_it.o
                0x0000000008000ebc                UsageFault_Handler
 .text.DebugMon_Handler
                0x0000000008000ec2        0xe Core/Src/stm32f4xx_it.o
                0x0000000008000ec2                DebugMon_Handler
 .text.TIM1_UP_TIM10_IRQHandler
                0x0000000008000ed0       0x14 Core/Src/stm32f4xx_it.o
                0x0000000008000ed0                TIM1_UP_TIM10_IRQHandler
 .text.OTG_FS_IRQHandler
                0x0000000008000ee4       0x14 Core/Src/stm32f4xx_it.o
                0x0000000008000ee4                OTG_FS_IRQHandler
 .text.USART2_IRQHandler
                0x0000000008000ef8       0x14 Core/Src/stm32f4xx_it.o
                0x0000000008000ef8                USART2_IRQHandler
 .text._sbrk    0x0000000008000f0c       0x6c Core/Src/sysmem.o
                0x0000000008000f0c                _sbrk
 .text.SystemInit
                0x0000000008000f78       0x2c Core/Src/system_stm32f4xx.o
                0x0000000008000f78                SystemInit
 .text.Reset_Handler
                0x0000000008000fa4       0x50 Core/Startup/startup_stm32f407vgtx.o
                0x0000000008000fa4                Reset_Handler
 .text.Default_Handler
                0x0000000008000ff4        0x2 Core/Startup/startup_stm32f407vgtx.o
                0x0000000008000ff4                RTC_Alarm_IRQHandler
                0x0000000008000ff4                HASH_RNG_IRQHandler
                0x0000000008000ff4                EXTI2_IRQHandler
                0x0000000008000ff4                TIM8_CC_IRQHandler
                0x0000000008000ff4                TIM1_CC_IRQHandler
                0x0000000008000ff4                DMA2_Stream5_IRQHandler
                0x0000000008000ff4                DMA1_Stream5_IRQHandler
                0x0000000008000ff4                PVD_IRQHandler
                0x0000000008000ff4                SDIO_IRQHandler
                0x0000000008000ff4                TAMP_STAMP_IRQHandler
                0x0000000008000ff4                CAN2_RX1_IRQHandler
                0x0000000008000ff4                EXTI3_IRQHandler
                0x0000000008000ff4                TIM8_TRG_COM_TIM14_IRQHandler
                0x0000000008000ff4                TIM8_UP_TIM13_IRQHandler
                0x0000000008000ff4                I2C3_ER_IRQHandler
                0x0000000008000ff4                EXTI0_IRQHandler
                0x0000000008000ff4                I2C2_EV_IRQHandler
                0x0000000008000ff4                DMA1_Stream2_IRQHandler
                0x0000000008000ff4                CAN1_RX0_IRQHandler
                0x0000000008000ff4                FPU_IRQHandler
                0x0000000008000ff4                OTG_HS_WKUP_IRQHandler
                0x0000000008000ff4                CAN2_SCE_IRQHandler
                0x0000000008000ff4                DMA2_Stream2_IRQHandler
                0x0000000008000ff4                SPI1_IRQHandler
                0x0000000008000ff4                TIM6_DAC_IRQHandler
                0x0000000008000ff4                TIM1_BRK_TIM9_IRQHandler
                0x0000000008000ff4                DCMI_IRQHandler
                0x0000000008000ff4                CAN2_RX0_IRQHandler
                0x0000000008000ff4                DMA2_Stream3_IRQHandler
                0x0000000008000ff4                USART6_IRQHandler
                0x0000000008000ff4                USART3_IRQHandler
                0x0000000008000ff4                CAN1_RX1_IRQHandler
                0x0000000008000ff4                UART5_IRQHandler
                0x0000000008000ff4                DMA2_Stream0_IRQHandler
                0x0000000008000ff4                TIM4_IRQHandler
                0x0000000008000ff4                I2C1_EV_IRQHandler
                0x0000000008000ff4                DMA1_Stream6_IRQHandler
                0x0000000008000ff4                DMA1_Stream1_IRQHandler
                0x0000000008000ff4                UART4_IRQHandler
                0x0000000008000ff4                TIM3_IRQHandler
                0x0000000008000ff4                RCC_IRQHandler
                0x0000000008000ff4                TIM8_BRK_TIM12_IRQHandler
                0x0000000008000ff4                Default_Handler
                0x0000000008000ff4                EXTI15_10_IRQHandler
                0x0000000008000ff4                ADC_IRQHandler
                0x0000000008000ff4                DMA1_Stream7_IRQHandler
                0x0000000008000ff4                TIM7_IRQHandler
                0x0000000008000ff4                CAN2_TX_IRQHandler
                0x0000000008000ff4                TIM5_IRQHandler
                0x0000000008000ff4                DMA2_Stream7_IRQHandler
                0x0000000008000ff4                I2C3_EV_IRQHandler
                0x0000000008000ff4                EXTI9_5_IRQHandler
                0x0000000008000ff4                RTC_WKUP_IRQHandler
                0x0000000008000ff4                ETH_WKUP_IRQHandler
                0x0000000008000ff4                SPI2_IRQHandler
                0x0000000008000ff4                OTG_HS_EP1_IN_IRQHandler
                0x0000000008000ff4                DMA1_Stream0_IRQHandler
                0x0000000008000ff4                CAN1_TX_IRQHandler
                0x0000000008000ff4                EXTI4_IRQHandler
                0x0000000008000ff4                FSMC_IRQHandler
                0x0000000008000ff4                ETH_IRQHandler
                0x0000000008000ff4                OTG_HS_EP1_OUT_IRQHandler
                0x0000000008000ff4                WWDG_IRQHandler
                0x0000000008000ff4                TIM2_IRQHandler
                0x0000000008000ff4                OTG_FS_WKUP_IRQHandler
                0x0000000008000ff4                TIM1_TRG_COM_TIM11_IRQHandler
                0x0000000008000ff4                OTG_HS_IRQHandler
                0x0000000008000ff4                EXTI1_IRQHandler
                0x0000000008000ff4                I2C2_ER_IRQHandler
                0x0000000008000ff4                DMA2_Stream1_IRQHandler
                0x0000000008000ff4                CAN1_SCE_IRQHandler
                0x0000000008000ff4                FLASH_IRQHandler
                0x0000000008000ff4                DMA2_Stream4_IRQHandler
                0x0000000008000ff4                USART1_IRQHandler
                0x0000000008000ff4                SPI3_IRQHandler
                0x0000000008000ff4                DMA1_Stream4_IRQHandler
                0x0000000008000ff4                I2C1_ER_IRQHandler
                0x0000000008000ff4                DMA2_Stream6_IRQHandler
                0x0000000008000ff4                DMA1_Stream3_IRQHandler
 *fill*         0x0000000008000ff6        0x2 
 .text.HAL_Init
                0x0000000008000ff8       0x44 Drivers/STM32F4xx_HAL_Driver/Src/stm32f4xx_hal.o
                0x0000000008000ff8                HAL_Init
 .text.HAL_IncTick
                0x000000000800103c       0x28 Drivers/STM32F4xx_HAL_Driver/Src/stm32f4xx_hal.o
                0x000000000800103c                HAL_IncTick
 .text.HAL_GetTick
                0x0000000008001064       0x18 Drivers/STM32F4xx_HAL_Driver/Src/stm32f4xx_hal.o
                0x0000000008001064                HAL_GetTick
 .text.HAL_Delay
                0x000000000800107c       0x44 Drivers/STM32F4xx_HAL_Driver/Src/stm32f4xx_hal.o
                0x000000000800107c                HAL_Delay
 .text.__NVIC_SetPriorityGrouping
                0x00000000080010c0       0x48 Drivers/STM32F4xx_HAL_Driver/Src/stm32f4xx_hal_cortex.o
 .text.__NVIC_GetPriorityGrouping
                0x0000000008001108       0x1c Drivers/STM32F4xx_HAL_Driver/Src/stm32f4xx_hal_cortex.o
 .text.__NVIC_EnableIRQ
                0x0000000008001124       0x3c Drivers/STM32F4xx_HAL_Driver/Src/stm32f4xx_hal_cortex.o
 .text.__NVIC_SetPriority
                0x0000000008001160       0x54 Drivers/STM32F4xx_HAL_Driver/Src/stm32f4xx_hal_cortex.o
 .text.NVIC_EncodePriority
                0x00000000080011b4       0x66 Drivers/STM32F4xx_HAL_Driver/Src/stm32f4xx_hal_cortex.o
 .text.HAL_NVIC_SetPriorityGrouping
                0x000000000800121a       0x16 Drivers/STM32F4xx_HAL_Driver/Src/stm32f4xx_hal_cortex.o
                0x000000000800121a                HAL_NVIC_SetPriorityGrouping
 .text.HAL_NVIC_SetPriority
                0x0000000008001230       0x38 Drivers/STM32F4xx_HAL_Driver/Src/stm32f4xx_hal_cortex.o
                0x0000000008001230                HAL_NVIC_SetPriority
 .text.HAL_NVIC_EnableIRQ
                0x0000000008001268       0x1c Drivers/STM32F4xx_HAL_Driver/Src/stm32f4xx_hal_cortex.o
                0x0000000008001268                HAL_NVIC_EnableIRQ
 .text.HAL_GPIO_Init
                0x0000000008001284      0x334 Drivers/STM32F4xx_HAL_Driver/Src/stm32f4xx_hal_gpio.o
                0x0000000008001284                HAL_GPIO_Init
 .text.HAL_GPIO_ReadPin
                0x00000000080015b8       0x30 Drivers/STM32F4xx_HAL_Driver/Src/stm32f4xx_hal_gpio.o
                0x00000000080015b8                HAL_GPIO_ReadPin
 .text.HAL_GPIO_WritePin
                0x00000000080015e8       0x32 Drivers/STM32F4xx_HAL_Driver/Src/stm32f4xx_hal_gpio.o
                0x00000000080015e8                HAL_GPIO_WritePin
 .text.HAL_GPIO_TogglePin
                0x000000000800161a       0x36 Drivers/STM32F4xx_HAL_Driver/Src/stm32f4xx_hal_gpio.o
                0x000000000800161a                HAL_GPIO_TogglePin
 .text.HAL_HCD_Init
                0x0000000008001650       0xc4 Drivers/STM32F4xx_HAL_Driver/Src/stm32f4xx_hal_hcd.o
                0x0000000008001650                HAL_HCD_Init
 .text.HAL_HCD_HC_Init
                0x0000000008001714      0x130 Drivers/STM32F4xx_HAL_Driver/Src/stm32f4xx_hal_hcd.o
                0x0000000008001714                HAL_HCD_HC_Init
 .text.HAL_HCD_HC_Halt
                0x0000000008001844       0x46 Drivers/STM32F4xx_HAL_Driver/Src/stm32f4xx_hal_hcd.o
                0x0000000008001844                HAL_HCD_HC_Halt
 *fill*         0x000000000800188a        0x2 
 .text.HAL_HCD_HC_SubmitRequest
                0x000000000800188c      0x2e4 Drivers/STM32F4xx_HAL_Driver/Src/stm32f4xx_hal_hcd.o
                0x000000000800188c                HAL_HCD_HC_SubmitRequest
 .text.HAL_HCD_IRQHandler
                0x0000000008001b70      0x208 Drivers/STM32F4xx_HAL_Driver/Src/stm32f4xx_hal_hcd.o
                0x0000000008001b70                HAL_HCD_IRQHandler
 .text.HAL_HCD_Start
                0x0000000008001d78       0x46 Drivers/STM32F4xx_HAL_Driver/Src/stm32f4xx_hal_hcd.o
                0x0000000008001d78                HAL_HCD_Start
 .text.HAL_HCD_Stop
                0x0000000008001dbe       0x3a Drivers/STM32F4xx_HAL_Driver/Src/stm32f4xx_hal_hcd.o
                0x0000000008001dbe                HAL_HCD_Stop
 .text.HAL_HCD_ResetPort
                0x0000000008001df8       0x1c Drivers/STM32F4xx_HAL_Driver/Src/stm32f4xx_hal_hcd.o
                0x0000000008001df8                HAL_HCD_ResetPort
 .text.HAL_HCD_HC_GetURBState
                0x0000000008001e14       0x2a Drivers/STM32F4xx_HAL_Driver/Src/stm32f4xx_hal_hcd.o
                0x0000000008001e14                HAL_HCD_HC_GetURBState
 .text.HAL_HCD_HC_GetXferCount
                0x0000000008001e3e       0x2a Drivers/STM32F4xx_HAL_Driver/Src/stm32f4xx_hal_hcd.o
                0x0000000008001e3e                HAL_HCD_HC_GetXferCount
 .text.HAL_HCD_GetCurrentFrame
                0x0000000008001e68       0x1c Drivers/STM32F4xx_HAL_Driver/Src/stm32f4xx_hal_hcd.o
                0x0000000008001e68                HAL_HCD_GetCurrentFrame
 .text.HAL_HCD_GetCurrentSpeed
                0x0000000008001e84       0x1c Drivers/STM32F4xx_HAL_Driver/Src/stm32f4xx_hal_hcd.o
                0x0000000008001e84                HAL_HCD_GetCurrentSpeed
 .text.HCD_HC_IN_IRQHandler
                0x0000000008001ea0      0x86a Drivers/STM32F4xx_HAL_Driver/Src/stm32f4xx_hal_hcd.o
 .text.HCD_HC_OUT_IRQHandler
                0x000000000800270a      0x6ea Drivers/STM32F4xx_HAL_Driver/Src/stm32f4xx_hal_hcd.o
 .text.HCD_RXQLVL_IRQHandler
                0x0000000008002df4      0x158 Drivers/STM32F4xx_HAL_Driver/Src/stm32f4xx_hal_hcd.o
 .text.HCD_Port_IRQHandler
                0x0000000008002f4c       0xe6 Drivers/STM32F4xx_HAL_Driver/Src/stm32f4xx_hal_hcd.o
 *fill*         0x0000000008003032        0x2 
 .text.HAL_I2C_Init
                0x0000000008003034      0x270 Drivers/STM32F4xx_HAL_Driver/Src/stm32f4xx_hal_i2c.o
                0x0000000008003034                HAL_I2C_Init
 .text.HAL_I2S_Init
                0x00000000080032a4      0x280 Drivers/STM32F4xx_HAL_Driver/Src/stm32f4xx_hal_i2s.o
                0x00000000080032a4                HAL_I2S_Init
 .text.HAL_I2S_TxCpltCallback
                0x0000000008003524       0x14 Drivers/STM32F4xx_HAL_Driver/Src/stm32f4xx_hal_i2s.o
                0x0000000008003524                HAL_I2S_TxCpltCallback
 .text.HAL_I2S_RxCpltCallback
                0x0000000008003538       0x14 Drivers/STM32F4xx_HAL_Driver/Src/stm32f4xx_hal_i2s.o
                0x0000000008003538                HAL_I2S_RxCpltCallback
 .text.HAL_I2S_ErrorCallback
                0x000000000800354c       0x14 Drivers/STM32F4xx_HAL_Driver/Src/stm32f4xx_hal_i2s.o
                0x000000000800354c                HAL_I2S_ErrorCallback
 .text.I2S_Transmit_IT
                0x0000000008003560       0x5c Drivers/STM32F4xx_HAL_Driver/Src/stm32f4xx_hal_i2s.o
 .text.I2S_Receive_IT
                0x00000000080035bc       0x5e Drivers/STM32F4xx_HAL_Driver/Src/stm32f4xx_hal_i2s.o
 .text.I2S_IRQHandler
                0x000000000800361a      0x114 Drivers/STM32F4xx_HAL_Driver/Src/stm32f4xx_hal_i2s.o
 *fill*         0x000000000800372e        0x2 
 .text.HAL_I2SEx_FullDuplex_IRQHandler
                0x0000000008003730      0x2a8 Drivers/STM32F4xx_HAL_Driver/Src/stm32f4xx_hal_i2s_ex.o
                0x0000000008003730                HAL_I2SEx_FullDuplex_IRQHandler
 .text.HAL_I2SEx_TxRxCpltCallback
                0x00000000080039d8       0x14 Drivers/STM32F4xx_HAL_Driver/Src/stm32f4xx_hal_i2s_ex.o
                0x00000000080039d8                HAL_I2SEx_TxRxCpltCallback
 .text.I2SEx_TxISR_I2S
                0x00000000080039ec       0x62 Drivers/STM32F4xx_HAL_Driver/Src/stm32f4xx_hal_i2s_ex.o
 *fill*         0x0000000008003a4e        0x2 
 .text.I2SEx_TxISR_I2SExt
                0x0000000008003a50       0x98 Drivers/STM32F4xx_HAL_Driver/Src/stm32f4xx_hal_i2s_ex.o
 .text.I2SEx_RxISR_I2S
                0x0000000008003ae8       0x64 Drivers/STM32F4xx_HAL_Driver/Src/stm32f4xx_hal_i2s_ex.o
 .text.I2SEx_RxISR_I2SExt
                0x0000000008003b4c       0x98 Drivers/STM32F4xx_HAL_Driver/Src/stm32f4xx_hal_i2s_ex.o
 .text.HAL_RCC_OscConfig
                0x0000000008003be4      0x4e0 Drivers/STM32F4xx_HAL_Driver/Src/stm32f4xx_hal_rcc.o
                0x0000000008003be4                HAL_RCC_OscConfig
 .text.HAL_RCC_ClockConfig
                0x00000000080040c4      0x1cc Drivers/STM32F4xx_HAL_Driver/Src/stm32f4xx_hal_rcc.o
                0x00000000080040c4                HAL_RCC_ClockConfig
 .text.HAL_RCC_GetSysClockFreq
                0x0000000008004290      0x1b0 Drivers/STM32F4xx_HAL_Driver/Src/stm32f4xx_hal_rcc.o
                0x0000000008004290                HAL_RCC_GetSysClockFreq
 .text.HAL_RCC_GetHCLKFreq
                0x0000000008004440       0x18 Drivers/STM32F4xx_HAL_Driver/Src/stm32f4xx_hal_rcc.o
                0x0000000008004440                HAL_RCC_GetHCLKFreq
 .text.HAL_RCC_GetPCLK1Freq
                0x0000000008004458       0x28 Drivers/STM32F4xx_HAL_Driver/Src/stm32f4xx_hal_rcc.o
                0x0000000008004458                HAL_RCC_GetPCLK1Freq
 .text.HAL_RCC_GetPCLK2Freq
                0x0000000008004480       0x28 Drivers/STM32F4xx_HAL_Driver/Src/stm32f4xx_hal_rcc.o
                0x0000000008004480                HAL_RCC_GetPCLK2Freq
 .text.HAL_RCC_GetClockConfig
                0x00000000080044a8       0x64 Drivers/STM32F4xx_HAL_Driver/Src/stm32f4xx_hal_rcc.o
                0x00000000080044a8                HAL_RCC_GetClockConfig
 .text.HAL_RCCEx_PeriphCLKConfig
                0x000000000800450c      0x1c4 Drivers/STM32F4xx_HAL_Driver/Src/stm32f4xx_hal_rcc_ex.o
                0x000000000800450c                HAL_RCCEx_PeriphCLKConfig
 .text.HAL_RCCEx_GetPeriphCLKFreq
                0x00000000080046d0       0xb8 Drivers/STM32F4xx_HAL_Driver/Src/stm32f4xx_hal_rcc_ex.o
                0x00000000080046d0                HAL_RCCEx_GetPeriphCLKFreq
 .text.HAL_SPI_Init
                0x0000000008004788       0xc8 Drivers/STM32F4xx_HAL_Driver/Src/stm32f4xx_hal_spi.o
                0x0000000008004788                HAL_SPI_Init
 .text.HAL_TIM_Base_Init
                0x0000000008004850       0x56 Drivers/STM32F4xx_HAL_Driver/Src/stm32f4xx_hal_tim.o
                0x0000000008004850                HAL_TIM_Base_Init
 .text.HAL_TIM_Base_MspInit
                0x00000000080048a6       0x14 Drivers/STM32F4xx_HAL_Driver/Src/stm32f4xx_hal_tim.o
                0x00000000080048a6                HAL_TIM_Base_MspInit
 .text.HAL_TIM_Base_Start_IT
                0x00000000080048ba       0x48 Drivers/STM32F4xx_HAL_Driver/Src/stm32f4xx_hal_tim.o
                0x00000000080048ba                HAL_TIM_Base_Start_IT
 .text.HAL_TIM_IRQHandler
                0x0000000008004902      0x210 Drivers/STM32F4xx_HAL_Driver/Src/stm32f4xx_hal_tim.o
                0x0000000008004902                HAL_TIM_IRQHandler
 .text.HAL_TIM_OC_DelayElapsedCallback
                0x0000000008004b12       0x14 Drivers/STM32F4xx_HAL_Driver/Src/stm32f4xx_hal_tim.o
                0x0000000008004b12                HAL_TIM_OC_DelayElapsedCallback
 .text.HAL_TIM_IC_CaptureCallback
                0x0000000008004b26       0x14 Drivers/STM32F4xx_HAL_Driver/Src/stm32f4xx_hal_tim.o
                0x0000000008004b26                HAL_TIM_IC_CaptureCallback
 .text.HAL_TIM_PWM_PulseFinishedCallback
                0x0000000008004b3a       0x14 Drivers/STM32F4xx_HAL_Driver/Src/stm32f4xx_hal_tim.o
                0x0000000008004b3a                HAL_TIM_PWM_PulseFinishedCallback
 .text.HAL_TIM_TriggerCallback
                0x0000000008004b4e       0x14 Drivers/STM32F4xx_HAL_Driver/Src/stm32f4xx_hal_tim.o
                0x0000000008004b4e                HAL_TIM_TriggerCallback
 *fill*         0x0000000008004b62        0x2 
 .text.TIM_Base_SetConfig
                0x0000000008004b64      0x140 Drivers/STM32F4xx_HAL_Driver/Src/stm32f4xx_hal_tim.o
                0x0000000008004b64                TIM_Base_SetConfig
 .text.HAL_TIMEx_CommutCallback
                0x0000000008004ca4       0x14 Drivers/STM32F4xx_HAL_Driver/Src/stm32f4xx_hal_tim_ex.o
                0x0000000008004ca4                HAL_TIMEx_CommutCallback
 .text.HAL_TIMEx_BreakCallback
                0x0000000008004cb8       0x14 Drivers/STM32F4xx_HAL_Driver/Src/stm32f4xx_hal_tim_ex.o
                0x0000000008004cb8                HAL_TIMEx_BreakCallback
 .text.HAL_UART_Init
                0x0000000008004ccc       0x9a Drivers/STM32F4xx_HAL_Driver/Src/stm32f4xx_hal_uart.o
                0x0000000008004ccc                HAL_UART_Init
 *fill*         0x0000000008004d66        0x2 
 .text.UART_SetConfig
                0x0000000008004d68      0x6f8 Drivers/STM32F4xx_HAL_Driver/Src/stm32f4xx_hal_uart.o
 .text.USB_CoreInit
                0x0000000008005460       0xc2 Drivers/STM32F4xx_HAL_Driver/Src/stm32f4xx_ll_usb.o
                0x0000000008005460                USB_CoreInit
 .text.USB_EnableGlobalInt
                0x0000000008005522       0x22 Drivers/STM32F4xx_HAL_Driver/Src/stm32f4xx_ll_usb.o
                0x0000000008005522                USB_EnableGlobalInt
 .text.USB_DisableGlobalInt
                0x0000000008005544       0x22 Drivers/STM32F4xx_HAL_Driver/Src/stm32f4xx_ll_usb.o
                0x0000000008005544                USB_DisableGlobalInt
 .text.USB_SetCurrentMode
                0x0000000008005566       0x54 Drivers/STM32F4xx_HAL_Driver/Src/stm32f4xx_ll_usb.o
                0x0000000008005566                USB_SetCurrentMode
 *fill*         0x00000000080055ba        0x2 
 .text.USB_FlushTxFifo
                0x00000000080055bc       0x4c Drivers/STM32F4xx_HAL_Driver/Src/stm32f4xx_ll_usb.o
                0x00000000080055bc                USB_FlushTxFifo
 .text.USB_FlushRxFifo
                0x0000000008005608       0x44 Drivers/STM32F4xx_HAL_Driver/Src/stm32f4xx_ll_usb.o
                0x0000000008005608                USB_FlushRxFifo
 .text.USB_WritePacket
                0x000000000800564c       0x6a Drivers/STM32F4xx_HAL_Driver/Src/stm32f4xx_ll_usb.o
                0x000000000800564c                USB_WritePacket
 .text.USB_ReadPacket
                0x00000000080056b6       0x52 Drivers/STM32F4xx_HAL_Driver/Src/stm32f4xx_ll_usb.o
                0x00000000080056b6                USB_ReadPacket
 .text.USB_ReadInterrupts
                0x0000000008005708       0x26 Drivers/STM32F4xx_HAL_Driver/Src/stm32f4xx_ll_usb.o
                0x0000000008005708                USB_ReadInterrupts
 .text.USB_GetMode
                0x000000000800572e       0x1c Drivers/STM32F4xx_HAL_Driver/Src/stm32f4xx_ll_usb.o
                0x000000000800572e                USB_GetMode
 *fill*         0x000000000800574a        0x2 
 .text.USB_CoreReset
                0x000000000800574c       0x68 Drivers/STM32F4xx_HAL_Driver/Src/stm32f4xx_ll_usb.o
 .text.USB_HostInit
                0x00000000080057b4      0x178 Drivers/STM32F4xx_HAL_Driver/Src/stm32f4xx_ll_usb.o
                0x00000000080057b4                USB_HostInit
 .text.USB_InitFSLSPClkSel
                0x000000000800592c       0x74 Drivers/STM32F4xx_HAL_Driver/Src/stm32f4xx_ll_usb.o
                0x000000000800592c                USB_InitFSLSPClkSel
 .text.USB_ResetPort
                0x00000000080059a0       0x54 Drivers/STM32F4xx_HAL_Driver/Src/stm32f4xx_ll_usb.o
                0x00000000080059a0                USB_ResetPort
 .text.USB_DriveVbus
                0x00000000080059f4       0x72 Drivers/STM32F4xx_HAL_Driver/Src/stm32f4xx_ll_usb.o
                0x00000000080059f4                USB_DriveVbus
 .text.USB_GetHostSpeed
                0x0000000008005a66       0x2e Drivers/STM32F4xx_HAL_Driver/Src/stm32f4xx_ll_usb.o
                0x0000000008005a66                USB_GetHostSpeed
 .text.USB_GetCurrentFrame
                0x0000000008005a94       0x22 Drivers/STM32F4xx_HAL_Driver/Src/stm32f4xx_ll_usb.o
                0x0000000008005a94                USB_GetCurrentFrame
 *fill*         0x0000000008005ab6        0x2 
 .text.USB_HC_Init
                0x0000000008005ab8      0x214 Drivers/STM32F4xx_HAL_Driver/Src/stm32f4xx_ll_usb.o
                0x0000000008005ab8                USB_HC_Init
 .text.USB_HC_StartXfer
                0x0000000008005ccc      0x28c Drivers/STM32F4xx_HAL_Driver/Src/stm32f4xx_ll_usb.o
                0x0000000008005ccc                USB_HC_StartXfer
 .text.USB_HC_ReadInterrupt
                0x0000000008005f58       0x22 Drivers/STM32F4xx_HAL_Driver/Src/stm32f4xx_ll_usb.o
                0x0000000008005f58                USB_HC_ReadInterrupt
 .text.USB_HC_Halt
                0x0000000008005f7a      0x1fe Drivers/STM32F4xx_HAL_Driver/Src/stm32f4xx_ll_usb.o
                0x0000000008005f7a                USB_HC_Halt
 .text.USB_DoPing
                0x0000000008006178       0x78 Drivers/STM32F4xx_HAL_Driver/Src/stm32f4xx_ll_usb.o
                0x0000000008006178                USB_DoPing
 .text.USB_StopHost
                0x00000000080061f0      0x10c Drivers/STM32F4xx_HAL_Driver/Src/stm32f4xx_ll_usb.o
                0x00000000080061f0                USB_StopHost
 .text.stm32Uart_IRQHandler
                0x00000000080062fc       0x98 Drivers/hc05/src/stm32_uart.o
                0x00000000080062fc                stm32Uart_IRQHandler
 .text.stm32Uart_RxProcessingAppl
                0x0000000008006394       0x98 Drivers/hc05/src/stm32_uart.o
 .text.stm32Uart_TxProcessingAppl
                0x000000000800642c       0xd8 Drivers/hc05/src/stm32_uart.o
 .text.stm32Uart_RxInterruptEnable
                0x0000000008006504       0x40 Drivers/hc05/src/stm32_uart.o
                0x0000000008006504                stm32Uart_RxInterruptEnable
 .text.stm32Uart_TxInterruptEnable
                0x0000000008006544       0x40 Drivers/hc05/src/stm32_uart.o
                0x0000000008006544                stm32Uart_TxInterruptEnable
 .text.USBH_CDC_InterfaceInit
                0x0000000008006584      0x2ac Middlewares/ST/STM32_USB_Host_Library/Class/CDC/Src/usbh_cdc.o
 .text.USBH_CDC_InterfaceDeInit
                0x0000000008006830       0xb2 Middlewares/ST/STM32_USB_Host_Library/Class/CDC/Src/usbh_cdc.o
 .text.USBH_CDC_ClassRequest
                0x00000000080068e2       0x3e Middlewares/ST/STM32_USB_Host_Library/Class/CDC/Src/usbh_cdc.o
 .text.USBH_CDC_Process
                0x0000000008006920      0x12c Middlewares/ST/STM32_USB_Host_Library/Class/CDC/Src/usbh_cdc.o
 .text.USBH_CDC_SOFProcess
                0x0000000008006a4c       0x16 Middlewares/ST/STM32_USB_Host_Library/Class/CDC/Src/usbh_cdc.o
 .text.GetLineCoding
                0x0000000008006a62       0x3e Middlewares/ST/STM32_USB_Host_Library/Class/CDC/Src/usbh_cdc.o
 .text.SetLineCoding
                0x0000000008006aa0       0x3e Middlewares/ST/STM32_USB_Host_Library/Class/CDC/Src/usbh_cdc.o
 .text.CDC_ProcessTransmission
                0x0000000008006ade      0x128 Middlewares/ST/STM32_USB_Host_Library/Class/CDC/Src/usbh_cdc.o
 .text.CDC_ProcessReception
                0x0000000008006c06       0xd2 Middlewares/ST/STM32_USB_Host_Library/Class/CDC/Src/usbh_cdc.o
 .text.USBH_CDC_TransmitCallback
                0x0000000008006cd8       0x14 Middlewares/ST/STM32_USB_Host_Library/Class/CDC/Src/usbh_cdc.o
                0x0000000008006cd8                USBH_CDC_TransmitCallback
 .text.USBH_CDC_ReceiveCallback
                0x0000000008006cec       0x14 Middlewares/ST/STM32_USB_Host_Library/Class/CDC/Src/usbh_cdc.o
                0x0000000008006cec                USBH_CDC_ReceiveCallback
 .text.USBH_CDC_LineCodingChanged
                0x0000000008006d00       0x14 Middlewares/ST/STM32_USB_Host_Library/Class/CDC/Src/usbh_cdc.o
                0x0000000008006d00                USBH_CDC_LineCodingChanged
 .text.USBH_Init
                0x0000000008006d14       0xc4 Middlewares/ST/STM32_USB_Host_Library/Core/Src/usbh_core.o
                0x0000000008006d14                USBH_Init
 .text.DeInitStateMachine
                0x0000000008006dd8       0xa8 Middlewares/ST/STM32_USB_Host_Library/Core/Src/usbh_core.o
 .text.USBH_RegisterClass
                0x0000000008006e80       0x54 Middlewares/ST/STM32_USB_Host_Library/Core/Src/usbh_core.o
                0x0000000008006e80                USBH_RegisterClass
 .text.USBH_SelectInterface
                0x0000000008006ed4       0x38 Middlewares/ST/STM32_USB_Host_Library/Core/Src/usbh_core.o
                0x0000000008006ed4                USBH_SelectInterface
 .text.USBH_FindInterface
                0x0000000008006f0c       0x8c Middlewares/ST/STM32_USB_Host_Library/Core/Src/usbh_core.o
                0x0000000008006f0c                USBH_FindInterface
 .text.USBH_Start
                0x0000000008006f98       0x20 Middlewares/ST/STM32_USB_Host_Library/Core/Src/usbh_core.o
                0x0000000008006f98                USBH_Start
 .text.USBH_Process
                0x0000000008006fb8      0x4c4 Middlewares/ST/STM32_USB_Host_Library/Core/Src/usbh_core.o
                0x0000000008006fb8                USBH_Process
 .text.USBH_HandleEnum
                0x000000000800747c      0x458 Middlewares/ST/STM32_USB_Host_Library/Core/Src/usbh_core.o
 .text.USBH_LL_SetTimer
                0x00000000080078d4       0x1e Middlewares/ST/STM32_USB_Host_Library/Core/Src/usbh_core.o
                0x00000000080078d4                USBH_LL_SetTimer
 .text.USBH_LL_IncTimer
                0x00000000080078f2       0x24 Middlewares/ST/STM32_USB_Host_Library/Core/Src/usbh_core.o
                0x00000000080078f2                USBH_LL_IncTimer
 .text.USBH_HandleSof
                0x0000000008007916       0x30 Middlewares/ST/STM32_USB_Host_Library/Core/Src/usbh_core.o
 .text.USBH_LL_PortEnabled
                0x0000000008007946       0x34 Middlewares/ST/STM32_USB_Host_Library/Core/Src/usbh_core.o
                0x0000000008007946                USBH_LL_PortEnabled
 .text.USBH_LL_PortDisabled
                0x000000000800797a       0x1c Middlewares/ST/STM32_USB_Host_Library/Core/Src/usbh_core.o
                0x000000000800797a                USBH_LL_PortDisabled
 .text.USBH_LL_Connect
                0x0000000008007996       0x46 Middlewares/ST/STM32_USB_Host_Library/Core/Src/usbh_core.o
                0x0000000008007996                USBH_LL_Connect
 .text.USBH_LL_Disconnect
                0x00000000080079dc       0x64 Middlewares/ST/STM32_USB_Host_Library/Core/Src/usbh_core.o
                0x00000000080079dc                USBH_LL_Disconnect
 .text.USBH_Process_OS
                0x0000000008007a40       0x2a Middlewares/ST/STM32_USB_Host_Library/Core/Src/usbh_core.o
 .text.USBH_LL_NotifyURBChange
                0x0000000008007a6a       0x2e Middlewares/ST/STM32_USB_Host_Library/Core/Src/usbh_core.o
                0x0000000008007a6a                USBH_LL_NotifyURBChange
 .text.USBH_Get_DevDesc
                0x0000000008007a98       0x50 Middlewares/ST/STM32_USB_Host_Library/Core/Src/usbh_ctlreq.o
                0x0000000008007a98                USBH_Get_DevDesc
 .text.USBH_Get_CfgDesc
                0x0000000008007ae8       0x48 Middlewares/ST/STM32_USB_Host_Library/Core/Src/usbh_ctlreq.o
                0x0000000008007ae8                USBH_Get_CfgDesc
 .text.USBH_Get_StringDesc
                0x0000000008007b30       0x56 Middlewares/ST/STM32_USB_Host_Library/Core/Src/usbh_ctlreq.o
                0x0000000008007b30                USBH_Get_StringDesc
 .text.USBH_GetDescriptor
                0x0000000008007b86       0x6a Middlewares/ST/STM32_USB_Host_Library/Core/Src/usbh_ctlreq.o
                0x0000000008007b86                USBH_GetDescriptor
 .text.USBH_SetAddress
                0x0000000008007bf0       0x48 Middlewares/ST/STM32_USB_Host_Library/Core/Src/usbh_ctlreq.o
                0x0000000008007bf0                USBH_SetAddress
 .text.USBH_SetCfg
                0x0000000008007c38       0x46 Middlewares/ST/STM32_USB_Host_Library/Core/Src/usbh_ctlreq.o
                0x0000000008007c38                USBH_SetCfg
 .text.USBH_SetFeature
                0x0000000008007c7e       0x48 Middlewares/ST/STM32_USB_Host_Library/Core/Src/usbh_ctlreq.o
                0x0000000008007c7e                USBH_SetFeature
 .text.USBH_ClrFeature
                0x0000000008007cc6       0x48 Middlewares/ST/STM32_USB_Host_Library/Core/Src/usbh_ctlreq.o
                0x0000000008007cc6                USBH_ClrFeature
 .text.USBH_ParseDevDesc
                0x0000000008007d0e       0xe0 Middlewares/ST/STM32_USB_Host_Library/Core/Src/usbh_ctlreq.o
 .text.USBH_ParseCfgDesc
                0x0000000008007dee      0x144 Middlewares/ST/STM32_USB_Host_Library/Core/Src/usbh_ctlreq.o
 .text.USBH_ParseInterfaceDesc
                0x0000000008007f32       0x5e Middlewares/ST/STM32_USB_Host_Library/Core/Src/usbh_ctlreq.o
 .text.USBH_ParseEPDesc
                0x0000000008007f90       0x5a Middlewares/ST/STM32_USB_Host_Library/Core/Src/usbh_ctlreq.o
 .text.USBH_ParseStringDesc
                0x0000000008007fea       0x66 Middlewares/ST/STM32_USB_Host_Library/Core/Src/usbh_ctlreq.o
 .text.USBH_GetNextDesc
                0x0000000008008050       0x36 Middlewares/ST/STM32_USB_Host_Library/Core/Src/usbh_ctlreq.o
                0x0000000008008050                USBH_GetNextDesc
 .text.USBH_CtlReq
                0x0000000008008086       0xb2 Middlewares/ST/STM32_USB_Host_Library/Core/Src/usbh_ctlreq.o
                0x0000000008008086                USBH_CtlReq
 .text.USBH_HandleControl
                0x0000000008008138      0x494 Middlewares/ST/STM32_USB_Host_Library/Core/Src/usbh_ctlreq.o
 .text.USBH_CtlSendSetup
                0x00000000080085cc       0x34 Middlewares/ST/STM32_USB_Host_Library/Core/Src/usbh_ioreq.o
                0x00000000080085cc                USBH_CtlSendSetup
 .text.USBH_CtlSendData
                0x0000000008008600       0x4a Middlewares/ST/STM32_USB_Host_Library/Core/Src/usbh_ioreq.o
                0x0000000008008600                USBH_CtlSendData
 .text.USBH_CtlReceiveData
                0x000000000800864a       0x3c Middlewares/ST/STM32_USB_Host_Library/Core/Src/usbh_ioreq.o
                0x000000000800864a                USBH_CtlReceiveData
 .text.USBH_BulkSendData
                0x0000000008008686       0x4a Middlewares/ST/STM32_USB_Host_Library/Core/Src/usbh_ioreq.o
                0x0000000008008686                USBH_BulkSendData
 .text.USBH_BulkReceiveData
                0x00000000080086d0       0x3c Middlewares/ST/STM32_USB_Host_Library/Core/Src/usbh_ioreq.o
                0x00000000080086d0                USBH_BulkReceiveData
 .text.USBH_OpenPipe
                0x000000000800870c       0x3e Middlewares/ST/STM32_USB_Host_Library/Core/Src/usbh_pipes.o
                0x000000000800870c                USBH_OpenPipe
 .text.USBH_ClosePipe
                0x000000000800874a       0x20 Middlewares/ST/STM32_USB_Host_Library/Core/Src/usbh_pipes.o
                0x000000000800874a                USBH_ClosePipe
 .text.USBH_AllocPipe
                0x000000000800876a       0x42 Middlewares/ST/STM32_USB_Host_Library/Core/Src/usbh_pipes.o
                0x000000000800876a                USBH_AllocPipe
 .text.USBH_FreePipe
                0x00000000080087ac       0x3c Middlewares/ST/STM32_USB_Host_Library/Core/Src/usbh_pipes.o
                0x00000000080087ac                USBH_FreePipe
 .text.USBH_GetFreePipe
                0x00000000080087e8       0x48 Middlewares/ST/STM32_USB_Host_Library/Core/Src/usbh_pipes.o
 .text.makeFreeRtosPriority
                0x0000000008008830       0x30 Middlewares/Third_Party/FreeRTOS/Source/CMSIS_RTOS/cmsis_os.o
 .text.inHandlerMode
                0x0000000008008860       0x24 Middlewares/Third_Party/FreeRTOS/Source/CMSIS_RTOS/cmsis_os.o
 .text.osKernelStart
                0x0000000008008884        0xe Middlewares/Third_Party/FreeRTOS/Source/CMSIS_RTOS/cmsis_os.o
                0x0000000008008884                osKernelStart
 .text.osThreadCreate
                0x0000000008008892       0x98 Middlewares/Third_Party/FreeRTOS/Source/CMSIS_RTOS/cmsis_os.o
                0x0000000008008892                osThreadCreate
 .text.osDelay  0x000000000800892a       0x28 Middlewares/Third_Party/FreeRTOS/Source/CMSIS_RTOS/cmsis_os.o
                0x000000000800892a                osDelay
 .text.osMessageCreate
                0x0000000008008952       0x52 Middlewares/Third_Party/FreeRTOS/Source/CMSIS_RTOS/cmsis_os.o
                0x0000000008008952                osMessageCreate
 .text.osMessagePut
                0x00000000080089a4       0x80 Middlewares/Third_Party/FreeRTOS/Source/CMSIS_RTOS/cmsis_os.o
                0x00000000080089a4                osMessagePut
 .text.osMessageGet
                0x0000000008008a24       0xe8 Middlewares/Third_Party/FreeRTOS/Source/CMSIS_RTOS/cmsis_os.o
                0x0000000008008a24                osMessageGet
 .text.vListInitialise
                0x0000000008008b0c       0x40 Middlewares/Third_Party/FreeRTOS/Source/list.o
                0x0000000008008b0c                vListInitialise
 .text.vListInitialiseItem
                0x0000000008008b4c       0x1a Middlewares/Third_Party/FreeRTOS/Source/list.o
                0x0000000008008b4c                vListInitialiseItem
 .text.vListInsertEnd
                0x0000000008008b66       0x48 Middlewares/Third_Party/FreeRTOS/Source/list.o
                0x0000000008008b66                vListInsertEnd
 .text.vListInsert
                0x0000000008008bae       0x72 Middlewares/Third_Party/FreeRTOS/Source/list.o
                0x0000000008008bae                vListInsert
 .text.uxListRemove
                0x0000000008008c20       0x54 Middlewares/Third_Party/FreeRTOS/Source/list.o
                0x0000000008008c20                uxListRemove
 .text.xQueueGenericReset
                0x0000000008008c74       0xd0 Middlewares/Third_Party/FreeRTOS/Source/queue.o
                0x0000000008008c74                xQueueGenericReset
 .text.xQueueGenericCreateStatic
                0x0000000008008d44       0xe6 Middlewares/Third_Party/FreeRTOS/Source/queue.o
                0x0000000008008d44                xQueueGenericCreateStatic
 .text.xQueueGenericCreate
                0x0000000008008e2a       0x7e Middlewares/Third_Party/FreeRTOS/Source/queue.o
                0x0000000008008e2a                xQueueGenericCreate
 .text.prvInitialiseNewQueue
                0x0000000008008ea8       0x3e Middlewares/Third_Party/FreeRTOS/Source/queue.o
 *fill*         0x0000000008008ee6        0x2 
 .text.xQueueGenericSend
                0x0000000008008ee8      0x1f4 Middlewares/Third_Party/FreeRTOS/Source/queue.o
                0x0000000008008ee8                xQueueGenericSend
 .text.xQueueGenericSendFromISR
                0x00000000080090dc      0x128 Middlewares/Third_Party/FreeRTOS/Source/queue.o
                0x00000000080090dc                xQueueGenericSendFromISR
 .text.xQueueReceive
                0x0000000008009204      0x1b8 Middlewares/Third_Party/FreeRTOS/Source/queue.o
                0x0000000008009204                xQueueReceive
 .text.xQueueReceiveFromISR
                0x00000000080093bc       0xfa Middlewares/Third_Party/FreeRTOS/Source/queue.o
                0x00000000080093bc                xQueueReceiveFromISR
 .text.prvCopyDataToQueue
                0x00000000080094b6       0xd4 Middlewares/Third_Party/FreeRTOS/Source/queue.o
 .text.prvCopyDataFromQueue
                0x000000000800958a       0x4c Middlewares/Third_Party/FreeRTOS/Source/queue.o
 .text.prvUnlockQueue
                0x00000000080095d6       0xa4 Middlewares/Third_Party/FreeRTOS/Source/queue.o
 .text.prvIsQueueEmpty
                0x000000000800967a       0x2c Middlewares/Third_Party/FreeRTOS/Source/queue.o
 .text.prvIsQueueFull
                0x00000000080096a6       0x30 Middlewares/Third_Party/FreeRTOS/Source/queue.o
 .text.xTaskCreateStatic
                0x00000000080096d6       0xb4 Middlewares/Third_Party/FreeRTOS/Source/tasks.o
                0x00000000080096d6                xTaskCreateStatic
 .text.xTaskCreate
                0x000000000800978a       0x8a Middlewares/Third_Party/FreeRTOS/Source/tasks.o
                0x000000000800978a                xTaskCreate
 .text.prvInitialiseNewTask
                0x0000000008009814      0x10c Middlewares/Third_Party/FreeRTOS/Source/tasks.o
 .text.prvAddNewTaskToReadyList
                0x0000000008009920       0xd4 Middlewares/Third_Party/FreeRTOS/Source/tasks.o
 .text.vTaskDelay
                0x00000000080099f4       0x68 Middlewares/Third_Party/FreeRTOS/Source/tasks.o
                0x00000000080099f4                vTaskDelay
 .text.vTaskStartScheduler
                0x0000000008009a5c       0xbc Middlewares/Third_Party/FreeRTOS/Source/tasks.o
                0x0000000008009a5c                vTaskStartScheduler
 .text.vTaskSuspendAll
                0x0000000008009b18       0x1c Middlewares/Third_Party/FreeRTOS/Source/tasks.o
                0x0000000008009b18                vTaskSuspendAll
 .text.xTaskResumeAll
                0x0000000008009b34      0x138 Middlewares/Third_Party/FreeRTOS/Source/tasks.o
                0x0000000008009b34                xTaskResumeAll
 .text.xTaskIncrementTick
                0x0000000008009c6c      0x170 Middlewares/Third_Party/FreeRTOS/Source/tasks.o
                0x0000000008009c6c                xTaskIncrementTick
 .text.vTaskSwitchContext
                0x0000000008009ddc       0xb4 Middlewares/Third_Party/FreeRTOS/Source/tasks.o
                0x0000000008009ddc                vTaskSwitchContext
 .text.vTaskPlaceOnEventList
                0x0000000008009e90       0x48 Middlewares/Third_Party/FreeRTOS/Source/tasks.o
                0x0000000008009e90                vTaskPlaceOnEventList
 .text.xTaskRemoveFromEventList
                0x0000000008009ed8       0xc4 Middlewares/Third_Party/FreeRTOS/Source/tasks.o
                0x0000000008009ed8                xTaskRemoveFromEventList
 .text.vTaskInternalSetTimeOutState
                0x0000000008009f9c       0x2c Middlewares/Third_Party/FreeRTOS/Source/tasks.o
                0x0000000008009f9c                vTaskInternalSetTimeOutState
 .text.xTaskCheckForTimeOut
                0x0000000008009fc8       0xc0 Middlewares/Third_Party/FreeRTOS/Source/tasks.o
                0x0000000008009fc8                xTaskCheckForTimeOut
 .text.vTaskMissedYield
                0x000000000800a088       0x18 Middlewares/Third_Party/FreeRTOS/Source/tasks.o
                0x000000000800a088                vTaskMissedYield
 .text.prvIdleTask
                0x000000000800a0a0       0x30 Middlewares/Third_Party/FreeRTOS/Source/tasks.o
 .text.prvInitialiseTaskLists
                0x000000000800a0d0       0x80 Middlewares/Third_Party/FreeRTOS/Source/tasks.o
 .text.prvCheckTasksWaitingTermination
                0x000000000800a150       0x58 Middlewares/Third_Party/FreeRTOS/Source/tasks.o
 .text.prvDeleteTCB
                0x000000000800a1a8       0x5c Middlewares/Third_Party/FreeRTOS/Source/tasks.o
 .text.prvResetNextTaskUnblockTime
                0x000000000800a204       0x40 Middlewares/Third_Party/FreeRTOS/Source/tasks.o
 .text.xTaskGetSchedulerState
                0x000000000800a244       0x3c Middlewares/Third_Party/FreeRTOS/Source/tasks.o
                0x000000000800a244                xTaskGetSchedulerState
 .text.xTaskPriorityDisinherit
                0x000000000800a280      0x108 Middlewares/Third_Party/FreeRTOS/Source/tasks.o
                0x000000000800a280                xTaskPriorityDisinherit
 .text.prvAddCurrentTaskToDelayedList
                0x000000000800a388       0xcc Middlewares/Third_Party/FreeRTOS/Source/tasks.o
 .text.pxPortInitialiseStack
                0x000000000800a454       0x68 Middlewares/Third_Party/FreeRTOS/Source/portable/GCC/ARM_CM4F/port.o
                0x000000000800a454                pxPortInitialiseStack
 .text.prvTaskExitError
                0x000000000800a4bc       0x54 Middlewares/Third_Party/FreeRTOS/Source/portable/GCC/ARM_CM4F/port.o
 .text.SVC_Handler
                0x000000000800a510       0x28 Middlewares/Third_Party/FreeRTOS/Source/portable/GCC/ARM_CM4F/port.o
                0x000000000800a510                SVC_Handler
 .text.prvPortStartFirstTask
                0x000000000800a538       0x28 Middlewares/Third_Party/FreeRTOS/Source/portable/GCC/ARM_CM4F/port.o
 .text.xPortStartScheduler
                0x000000000800a560      0x13c Middlewares/Third_Party/FreeRTOS/Source/portable/GCC/ARM_CM4F/port.o
                0x000000000800a560                xPortStartScheduler
 .text.vPortEnterCritical
                0x000000000800a69c       0x5c Middlewares/Third_Party/FreeRTOS/Source/portable/GCC/ARM_CM4F/port.o
                0x000000000800a69c                vPortEnterCritical
 .text.vPortExitCritical
                0x000000000800a6f8       0x50 Middlewares/Third_Party/FreeRTOS/Source/portable/GCC/ARM_CM4F/port.o
                0x000000000800a6f8                vPortExitCritical
 *fill*         0x000000000800a748        0x8 
 .text.PendSV_Handler
                0x000000000800a750       0x68 Middlewares/Third_Party/FreeRTOS/Source/portable/GCC/ARM_CM4F/port.o
                0x000000000800a750                PendSV_Handler
 .text.SysTick_Handler
                0x000000000800a7b8       0x40 Middlewares/Third_Party/FreeRTOS/Source/portable/GCC/ARM_CM4F/port.o
                0x000000000800a7b8                SysTick_Handler
 .text.vPortSetupTimerInterrupt
                0x000000000800a7f8       0x48 Middlewares/Third_Party/FreeRTOS/Source/portable/GCC/ARM_CM4F/port.o
                0x000000000800a7f8                vPortSetupTimerInterrupt
 .text.vPortEnableVFP
                0x000000000800a840       0x14 Middlewares/Third_Party/FreeRTOS/Source/portable/GCC/ARM_CM4F/port.o
 .text.vPortValidateInterruptPriority
                0x000000000800a854       0x7c Middlewares/Third_Party/FreeRTOS/Source/portable/GCC/ARM_CM4F/port.o
                0x000000000800a854                vPortValidateInterruptPriority
 .text.pvPortMalloc
                0x000000000800a8d0      0x184 Middlewares/Third_Party/FreeRTOS/Source/portable/MemMang/heap_4.o
                0x000000000800a8d0                pvPortMalloc
 .text.vPortFree
                0x000000000800aa54       0xb0 Middlewares/Third_Party/FreeRTOS/Source/portable/MemMang/heap_4.o
                0x000000000800aa54                vPortFree
 .text.prvHeapInit
                0x000000000800ab04       0xc4 Middlewares/Third_Party/FreeRTOS/Source/portable/MemMang/heap_4.o
 .text.prvInsertBlockIntoFreeList
                0x000000000800abc8       0xb4 Middlewares/Third_Party/FreeRTOS/Source/portable/MemMang/heap_4.o
 .text.MX_USB_HOST_Init
                0x000000000800ac7c       0x4c USB_HOST/App/usb_host.o
                0x000000000800ac7c                MX_USB_HOST_Init
 .text.USBH_UserProcess
                0x000000000800acc8       0x5c USB_HOST/App/usb_host.o
 .text.HAL_HCD_MspInit
                0x000000000800ad24       0xc4 USB_HOST/Target/usbh_conf.o
                0x000000000800ad24                HAL_HCD_MspInit
 .text.HAL_HCD_SOF_Callback
                0x000000000800ade8       0x1c USB_HOST/Target/usbh_conf.o
                0x000000000800ade8                HAL_HCD_SOF_Callback
 .text.HAL_HCD_Connect_Callback
                0x000000000800ae04       0x1c USB_HOST/Target/usbh_conf.o
                0x000000000800ae04                HAL_HCD_Connect_Callback
 .text.HAL_HCD_Disconnect_Callback
                0x000000000800ae20       0x1c USB_HOST/Target/usbh_conf.o
                0x000000000800ae20                HAL_HCD_Disconnect_Callback
 .text.HAL_HCD_HC_NotifyURBChange_Callback
                0x000000000800ae3c       0x24 USB_HOST/Target/usbh_conf.o
                0x000000000800ae3c                HAL_HCD_HC_NotifyURBChange_Callback
 .text.HAL_HCD_PortEnabled_Callback
                0x000000000800ae60       0x1c USB_HOST/Target/usbh_conf.o
                0x000000000800ae60                HAL_HCD_PortEnabled_Callback
 .text.HAL_HCD_PortDisabled_Callback
                0x000000000800ae7c       0x1c USB_HOST/Target/usbh_conf.o
                0x000000000800ae7c                HAL_HCD_PortDisabled_Callback
 .text.USBH_LL_Init
                0x000000000800ae98       0x78 USB_HOST/Target/usbh_conf.o
                0x000000000800ae98                USBH_LL_Init
 .text.USBH_LL_Start
                0x000000000800af10       0x36 USB_HOST/Target/usbh_conf.o
                0x000000000800af10                USBH_LL_Start
 .text.USBH_LL_Stop
                0x000000000800af46       0x36 USB_HOST/Target/usbh_conf.o
                0x000000000800af46                USBH_LL_Stop
 .text.USBH_LL_GetSpeed
                0x000000000800af7c       0x4a USB_HOST/Target/usbh_conf.o
                0x000000000800af7c                USBH_LL_GetSpeed
 .text.USBH_LL_ResetPort
                0x000000000800afc6       0x36 USB_HOST/Target/usbh_conf.o
                0x000000000800afc6                USBH_LL_ResetPort
 .text.USBH_LL_GetLastXferSize
                0x000000000800affc       0x26 USB_HOST/Target/usbh_conf.o
                0x000000000800affc                USBH_LL_GetLastXferSize
 .text.USBH_LL_OpenPipe
                0x000000000800b022       0x5e USB_HOST/Target/usbh_conf.o
                0x000000000800b022                USBH_LL_OpenPipe
 .text.USBH_LL_ClosePipe
                0x000000000800b080       0x3e USB_HOST/Target/usbh_conf.o
                0x000000000800b080                USBH_LL_ClosePipe
 .text.USBH_LL_SubmitURB
                0x000000000800b0be       0x62 USB_HOST/Target/usbh_conf.o
                0x000000000800b0be                USBH_LL_SubmitURB
 .text.USBH_LL_GetURBState
                0x000000000800b120       0x26 USB_HOST/Target/usbh_conf.o
                0x000000000800b120                USBH_LL_GetURBState
 .text.USBH_LL_DriverVBUS
                0x000000000800b146       0x2e USB_HOST/Target/usbh_conf.o
                0x000000000800b146                USBH_LL_DriverVBUS
 .text.USBH_LL_SetToggle
                0x000000000800b174       0x66 USB_HOST/Target/usbh_conf.o
                0x000000000800b174                USBH_LL_SetToggle
 .text.USBH_Delay
                0x000000000800b1da       0x16 USB_HOST/Target/usbh_conf.o
                0x000000000800b1da                USBH_Delay
 .text.USBH_Get_USB_Status
                0x000000000800b1f0       0x58 USB_HOST/Target/usbh_conf.o
                0x000000000800b1f0                USBH_Get_USB_Status
 .text.MX_DriverVbusFS
                0x000000000800b248       0x38 USB_HOST/Target/usbh_platform.o
                0x000000000800b248                MX_DriverVbusFS
 .text.__errno  0x000000000800b280        0xc c:/st/stm32cubeide_1.0.2/stm32cubeide/plugins/com.st.stm32cube.ide.mcu.externaltools.gnu-tools-for-stm32.7-2018-q2-update.win32_1.5.0.202011040924/tools/bin/../lib/gcc/arm-none-eabi/7.3.1/../../../../arm-none-eabi/lib/thumb/v7e-m/fpv4-sp/hard\libc_nano.a(lib_a-errno.o)
                0x000000000800b280                __errno
 .text.__libc_init_array
                0x000000000800b28c       0x48 c:/st/stm32cubeide_1.0.2/stm32cubeide/plugins/com.st.stm32cube.ide.mcu.externaltools.gnu-tools-for-stm32.7-2018-q2-update.win32_1.5.0.202011040924/tools/bin/../lib/gcc/arm-none-eabi/7.3.1/../../../../arm-none-eabi/lib/thumb/v7e-m/fpv4-sp/hard\libc_nano.a(lib_a-init.o)
                0x000000000800b28c                __libc_init_array
 .text.malloc   0x000000000800b2d4       0x10 c:/st/stm32cubeide_1.0.2/stm32cubeide/plugins/com.st.stm32cube.ide.mcu.externaltools.gnu-tools-for-stm32.7-2018-q2-update.win32_1.5.0.202011040924/tools/bin/../lib/gcc/arm-none-eabi/7.3.1/../../../../arm-none-eabi/lib/thumb/v7e-m/fpv4-sp/hard\libc_nano.a(lib_a-malloc.o)
                0x000000000800b2d4                malloc
 .text.free     0x000000000800b2e4       0x10 c:/st/stm32cubeide_1.0.2/stm32cubeide/plugins/com.st.stm32cube.ide.mcu.externaltools.gnu-tools-for-stm32.7-2018-q2-update.win32_1.5.0.202011040924/tools/bin/../lib/gcc/arm-none-eabi/7.3.1/../../../../arm-none-eabi/lib/thumb/v7e-m/fpv4-sp/hard\libc_nano.a(lib_a-malloc.o)
                0x000000000800b2e4                free
 .text.memcpy   0x000000000800b2f4       0x16 c:/st/stm32cubeide_1.0.2/stm32cubeide/plugins/com.st.stm32cube.ide.mcu.externaltools.gnu-tools-for-stm32.7-2018-q2-update.win32_1.5.0.202011040924/tools/bin/../lib/gcc/arm-none-eabi/7.3.1/../../../../arm-none-eabi/lib/thumb/v7e-m/fpv4-sp/hard\libc_nano.a(lib_a-memcpy-stub.o)
                0x000000000800b2f4                memcpy
 .text.memset   0x000000000800b30a       0x10 c:/st/stm32cubeide_1.0.2/stm32cubeide/plugins/com.st.stm32cube.ide.mcu.externaltools.gnu-tools-for-stm32.7-2018-q2-update.win32_1.5.0.202011040924/tools/bin/../lib/gcc/arm-none-eabi/7.3.1/../../../../arm-none-eabi/lib/thumb/v7e-m/fpv4-sp/hard\libc_nano.a(lib_a-memset.o)
                0x000000000800b30a                memset
 *fill*         0x000000000800b31a        0x2 
 .text._free_r  0x000000000800b31c       0x9c c:/st/stm32cubeide_1.0.2/stm32cubeide/plugins/com.st.stm32cube.ide.mcu.externaltools.gnu-tools-for-stm32.7-2018-q2-update.win32_1.5.0.202011040924/tools/bin/../lib/gcc/arm-none-eabi/7.3.1/../../../../arm-none-eabi/lib/thumb/v7e-m/fpv4-sp/hard\libc_nano.a(lib_a-nano-freer.o)
                0x000000000800b31c                _free_r
 .text._malloc_r
                0x000000000800b3b8       0xb4 c:/st/stm32cubeide_1.0.2/stm32cubeide/plugins/com.st.stm32cube.ide.mcu.externaltools.gnu-tools-for-stm32.7-2018-q2-update.win32_1.5.0.202011040924/tools/bin/../lib/gcc/arm-none-eabi/7.3.1/../../../../arm-none-eabi/lib/thumb/v7e-m/fpv4-sp/hard\libc_nano.a(lib_a-nano-mallocr.o)
                0x000000000800b3b8                _malloc_r
 .text._sbrk_r  0x000000000800b46c       0x20 c:/st/stm32cubeide_1.0.2/stm32cubeide/plugins/com.st.stm32cube.ide.mcu.externaltools.gnu-tools-for-stm32.7-2018-q2-update.win32_1.5.0.202011040924/tools/bin/../lib/gcc/arm-none-eabi/7.3.1/../../../../arm-none-eabi/lib/thumb/v7e-m/fpv4-sp/hard\libc_nano.a(lib_a-sbrkr.o)
                0x000000000800b46c                _sbrk_r
 .text.__malloc_lock
                0x000000000800b48c        0x2 c:/st/stm32cubeide_1.0.2/stm32cubeide/plugins/com.st.stm32cube.ide.mcu.externaltools.gnu-tools-for-stm32.7-2018-q2-update.win32_1.5.0.202011040924/tools/bin/../lib/gcc/arm-none-eabi/7.3.1/../../../../arm-none-eabi/lib/thumb/v7e-m/fpv4-sp/hard\libc_nano.a(lib_a-mlock.o)
                0x000000000800b48c                __malloc_lock
 .text.__malloc_unlock
                0x000000000800b48e        0x2 c:/st/stm32cubeide_1.0.2/stm32cubeide/plugins/com.st.stm32cube.ide.mcu.externaltools.gnu-tools-for-stm32.7-2018-q2-update.win32_1.5.0.202011040924/tools/bin/../lib/gcc/arm-none-eabi/7.3.1/../../../../arm-none-eabi/lib/thumb/v7e-m/fpv4-sp/hard\libc_nano.a(lib_a-mlock.o)
                0x000000000800b48e                __malloc_unlock
 *(.glue_7)
 .glue_7        0x000000000800b490        0x0 linker stubs
 *(.glue_7t)
 .glue_7t       0x000000000800b490        0x0 linker stubs
 *(.eh_frame)
 .eh_frame      0x000000000800b490        0x0 c:/st/stm32cubeide_1.0.2/stm32cubeide/plugins/com.st.stm32cube.ide.mcu.externaltools.gnu-tools-for-stm32.7-2018-q2-update.win32_1.5.0.202011040924/tools/bin/../lib/gcc/arm-none-eabi/7.3.1/thumb/v7e-m/fpv4-sp/hard/crtbegin.o
 *(.init)
 .init          0x000000000800b490        0x4 c:/st/stm32cubeide_1.0.2/stm32cubeide/plugins/com.st.stm32cube.ide.mcu.externaltools.gnu-tools-for-stm32.7-2018-q2-update.win32_1.5.0.202011040924/tools/bin/../lib/gcc/arm-none-eabi/7.3.1/thumb/v7e-m/fpv4-sp/hard/crti.o
                0x000000000800b490                _init
 .init          0x000000000800b494        0x8 c:/st/stm32cubeide_1.0.2/stm32cubeide/plugins/com.st.stm32cube.ide.mcu.externaltools.gnu-tools-for-stm32.7-2018-q2-update.win32_1.5.0.202011040924/tools/bin/../lib/gcc/arm-none-eabi/7.3.1/thumb/v7e-m/fpv4-sp/hard/crtn.o
 *(.fini)
 .fini          0x000000000800b49c        0x4 c:/st/stm32cubeide_1.0.2/stm32cubeide/plugins/com.st.stm32cube.ide.mcu.externaltools.gnu-tools-for-stm32.7-2018-q2-update.win32_1.5.0.202011040924/tools/bin/../lib/gcc/arm-none-eabi/7.3.1/thumb/v7e-m/fpv4-sp/hard/crti.o
                0x000000000800b49c                _fini
 .fini          0x000000000800b4a0        0x8 c:/st/stm32cubeide_1.0.2/stm32cubeide/plugins/com.st.stm32cube.ide.mcu.externaltools.gnu-tools-for-stm32.7-2018-q2-update.win32_1.5.0.202011040924/tools/bin/../lib/gcc/arm-none-eabi/7.3.1/thumb/v7e-m/fpv4-sp/hard/crtn.o
                0x000000000800b4a8                . = ALIGN (0x4)
                0x000000000800b4a8                _etext = .

.vfp11_veneer   0x000000000800b4a8        0x0
 .vfp11_veneer  0x000000000800b4a8        0x0 linker stubs

.v4_bx          0x000000000800b4a8        0x0
 .v4_bx         0x000000000800b4a8        0x0 linker stubs

.iplt           0x000000000800b4a8        0x0
 .iplt          0x000000000800b4a8        0x0 c:/st/stm32cubeide_1.0.2/stm32cubeide/plugins/com.st.stm32cube.ide.mcu.externaltools.gnu-tools-for-stm32.7-2018-q2-update.win32_1.5.0.202011040924/tools/bin/../lib/gcc/arm-none-eabi/7.3.1/thumb/v7e-m/fpv4-sp/hard/crtbegin.o

.rodata         0x000000000800b4a8       0xac
                0x000000000800b4a8                . = ALIGN (0x4)
 *(.rodata)
 .rodata        0x000000000800b4a8       0x50 Core/Src/main.o
 .rodata        0x000000000800b4f8        0x4 Middlewares/ST/STM32_USB_Host_Library/Class/CDC/Src/usbh_cdc.o
 .rodata        0x000000000800b4fc       0x38 Middlewares/ST/STM32_USB_Host_Library/Core/Src/usbh_core.o
 .rodata        0x000000000800b534        0x5 Middlewares/Third_Party/FreeRTOS/Source/tasks.o
 *(.rodata*)
 *fill*         0x000000000800b539        0x3 
 .rodata.AHBPrescTable
                0x000000000800b53c       0x10 Core/Src/system_stm32f4xx.o
                0x000000000800b53c                AHBPrescTable
 .rodata.APBPrescTable
                0x000000000800b54c        0x8 Core/Src/system_stm32f4xx.o
                0x000000000800b54c                APBPrescTable
                0x000000000800b554                . = ALIGN (0x4)

.ARM.extab      0x000000000800b554        0x0
                0x000000000800b554                . = ALIGN (0x4)
 *(.ARM.extab* .gnu.linkonce.armextab.*)
                0x000000000800b554                . = ALIGN (0x4)

.ARM            0x000000000800b554        0x8
                0x000000000800b554                . = ALIGN (0x4)
                0x000000000800b554                __exidx_start = .
 *(.ARM.exidx*)
 .ARM.exidx     0x000000000800b554        0x8 c:/st/stm32cubeide_1.0.2/stm32cubeide/plugins/com.st.stm32cube.ide.mcu.externaltools.gnu-tools-for-stm32.7-2018-q2-update.win32_1.5.0.202011040924/tools/bin/../lib/gcc/arm-none-eabi/7.3.1/thumb/v7e-m/fpv4-sp/hard\libgcc.a(_udivmoddi4.o)
                0x000000000800b55c                __exidx_end = .
                0x000000000800b55c                . = ALIGN (0x4)

.rel.dyn        0x000000000800b55c        0x0
 .rel.iplt      0x000000000800b55c        0x0 c:/st/stm32cubeide_1.0.2/stm32cubeide/plugins/com.st.stm32cube.ide.mcu.externaltools.gnu-tools-for-stm32.7-2018-q2-update.win32_1.5.0.202011040924/tools/bin/../lib/gcc/arm-none-eabi/7.3.1/thumb/v7e-m/fpv4-sp/hard/crtbegin.o

.preinit_array  0x000000000800b55c        0x0
                0x000000000800b55c                . = ALIGN (0x4)
                0x000000000800b55c                PROVIDE (__preinit_array_start = .)
 *(.preinit_array*)
                0x000000000800b55c                PROVIDE (__preinit_array_end = .)
                0x000000000800b55c                . = ALIGN (0x4)

.init_array     0x000000000800b55c        0x4
                0x000000000800b55c                . = ALIGN (0x4)
                0x000000000800b55c                PROVIDE (__init_array_start = .)
 *(SORT_BY_NAME(.init_array.*))
 *(.init_array*)
 .init_array    0x000000000800b55c        0x4 c:/st/stm32cubeide_1.0.2/stm32cubeide/plugins/com.st.stm32cube.ide.mcu.externaltools.gnu-tools-for-stm32.7-2018-q2-update.win32_1.5.0.202011040924/tools/bin/../lib/gcc/arm-none-eabi/7.3.1/thumb/v7e-m/fpv4-sp/hard/crtbegin.o
                0x000000000800b560                PROVIDE (__init_array_end = .)
                0x000000000800b560                . = ALIGN (0x4)

.fini_array     0x000000000800b560        0x4
                0x000000000800b560                . = ALIGN (0x4)
                [!provide]                        PROVIDE (__fini_array_start = .)
 *(SORT_BY_NAME(.fini_array.*))
 *(.fini_array*)
 .fini_array    0x000000000800b560        0x4 c:/st/stm32cubeide_1.0.2/stm32cubeide/plugins/com.st.stm32cube.ide.mcu.externaltools.gnu-tools-for-stm32.7-2018-q2-update.win32_1.5.0.202011040924/tools/bin/../lib/gcc/arm-none-eabi/7.3.1/thumb/v7e-m/fpv4-sp/hard/crtbegin.o
                [!provide]                        PROVIDE (__fini_array_end = .)
                0x000000000800b564                . = ALIGN (0x4)
                0x000000000800b564                _sidata = LOADADDR (.data)

.data           0x0000000020000000       0x94 load address 0x000000000800b564
                0x0000000020000000                . = ALIGN (0x4)
                0x0000000020000000                _sdata = .
 *(.data)
 *(.data*)
 .data.SystemCoreClock
                0x0000000020000000        0x4 Core/Src/system_stm32f4xx.o
                0x0000000020000000                SystemCoreClock
 .data.uwTickPrio
                0x0000000020000004        0x4 Drivers/STM32F4xx_HAL_Driver/Src/stm32f4xx_hal.o
                0x0000000020000004                uwTickPrio
 .data.uwTickFreq
                0x0000000020000008        0x1 Drivers/STM32F4xx_HAL_Driver/Src/stm32f4xx_hal.o
                0x0000000020000008                uwTickFreq
 .data.Appl_u8UartTxCompleteFlag
                0x0000000020000009        0x1 Drivers/hc05/src/stm32_uart.o
                0x0000000020000009                Appl_u8UartTxCompleteFlag
 *fill*         0x000000002000000a        0x2 
 .data.CDC_Class
                0x000000002000000c       0x20 Middlewares/ST/STM32_USB_Host_Library/Class/CDC/Src/usbh_cdc.o
                0x000000002000000c                CDC_Class
 .data.uxCriticalNesting
                0x000000002000002c        0x4 Middlewares/Third_Party/FreeRTOS/Source/portable/GCC/ARM_CM4F/port.o
 .data._impure_ptr
                0x0000000020000030        0x4 c:/st/stm32cubeide_1.0.2/stm32cubeide/plugins/com.st.stm32cube.ide.mcu.externaltools.gnu-tools-for-stm32.7-2018-q2-update.win32_1.5.0.202011040924/tools/bin/../lib/gcc/arm-none-eabi/7.3.1/../../../../arm-none-eabi/lib/thumb/v7e-m/fpv4-sp/hard\libc_nano.a(lib_a-impure.o)
                0x0000000020000030                _impure_ptr
 .data.impure_data
                0x0000000020000034       0x60 c:/st/stm32cubeide_1.0.2/stm32cubeide/plugins/com.st.stm32cube.ide.mcu.externaltools.gnu-tools-for-stm32.7-2018-q2-update.win32_1.5.0.202011040924/tools/bin/../lib/gcc/arm-none-eabi/7.3.1/../../../../arm-none-eabi/lib/thumb/v7e-m/fpv4-sp/hard\libc_nano.a(lib_a-impure.o)
 *(.RamFunc)
 *(.RamFunc*)
                0x0000000020000094                . = ALIGN (0x4)
                0x0000000020000094                _edata = .

.igot.plt       0x0000000020000094        0x0 load address 0x000000000800b5f8
 .igot.plt      0x0000000020000094        0x0 c:/st/stm32cubeide_1.0.2/stm32cubeide/plugins/com.st.stm32cube.ide.mcu.externaltools.gnu-tools-for-stm32.7-2018-q2-update.win32_1.5.0.202011040924/tools/bin/../lib/gcc/arm-none-eabi/7.3.1/thumb/v7e-m/fpv4-sp/hard/crtbegin.o
                0x0000000020000094                . = ALIGN (0x4)

.bss            0x0000000020000094     0x4810 load address 0x000000000800b5f8
                0x0000000020000094                _sbss = .
                0x0000000020000094                __bss_start__ = _sbss
 *(.bss)
 .bss           0x0000000020000094       0x1c c:/st/stm32cubeide_1.0.2/stm32cubeide/plugins/com.st.stm32cube.ide.mcu.externaltools.gnu-tools-for-stm32.7-2018-q2-update.win32_1.5.0.202011040924/tools/bin/../lib/gcc/arm-none-eabi/7.3.1/thumb/v7e-m/fpv4-sp/hard/crtbegin.o
 *(.bss*)
 .bss.xIdleTaskTCBBuffer
                0x00000000200000b0       0x54 Core/Src/freertos.o
 .bss.xIdleStack
                0x0000000020000104      0x200 Core/Src/freertos.o
 .bss.__sbrk_heap_end
                0x0000000020000304        0x4 Core/Src/sysmem.o
 .bss.tmpreg.9058
                0x0000000020000308        0x4 Drivers/STM32F4xx_HAL_Driver/Src/stm32f4xx_ll_usb.o
 .bss.vishwaUartRX_buffer
                0x000000002000030c        0x1 Drivers/hc05/src/stm32_uart.o
                0x000000002000030c                vishwaUartRX_buffer
 *fill*         0x000000002000030d        0x3 
 .bss.vishwaUartTX_buffer
                0x0000000020000310        0xa Drivers/hc05/src/stm32_uart.o
                0x0000000020000310                vishwaUartTX_buffer
 .bss.RxByteCount
                0x000000002000031a        0x1 Drivers/hc05/src/stm32_uart.o
                0x000000002000031a                RxByteCount
 .bss.TxByteCount
                0x000000002000031b        0x1 Drivers/hc05/src/stm32_uart.o
                0x000000002000031b                TxByteCount
 .bss.Appl_u8TxLength
                0x000000002000031c        0x1 Drivers/hc05/src/stm32_uart.o
                0x000000002000031c                Appl_u8TxLength
 .bss.Appl_u8UartRxCompleteFlag
                0x000000002000031d        0x1 Drivers/hc05/src/stm32_uart.o
                0x000000002000031d                Appl_u8UartRxCompleteFlag
 .bss.ubTxByte.9832
                0x000000002000031e        0x1 Drivers/hc05/src/stm32_uart.o
 *fill*         0x000000002000031f        0x1 
 .bss.pxCurrentTCB
                0x0000000020000320        0x4 Middlewares/Third_Party/FreeRTOS/Source/tasks.o
                0x0000000020000320                pxCurrentTCB
 .bss.pxReadyTasksLists
                0x0000000020000324       0x8c Middlewares/Third_Party/FreeRTOS/Source/tasks.o
 .bss.xDelayedTaskList1
                0x00000000200003b0       0x14 Middlewares/Third_Party/FreeRTOS/Source/tasks.o
 .bss.xDelayedTaskList2
                0x00000000200003c4       0x14 Middlewares/Third_Party/FreeRTOS/Source/tasks.o
 .bss.pxDelayedTaskList
                0x00000000200003d8        0x4 Middlewares/Third_Party/FreeRTOS/Source/tasks.o
 .bss.pxOverflowDelayedTaskList
                0x00000000200003dc        0x4 Middlewares/Third_Party/FreeRTOS/Source/tasks.o
 .bss.xPendingReadyList
                0x00000000200003e0       0x14 Middlewares/Third_Party/FreeRTOS/Source/tasks.o
 .bss.xTasksWaitingTermination
                0x00000000200003f4       0x14 Middlewares/Third_Party/FreeRTOS/Source/tasks.o
 .bss.uxDeletedTasksWaitingCleanUp
                0x0000000020000408        0x4 Middlewares/Third_Party/FreeRTOS/Source/tasks.o
 .bss.xSuspendedTaskList
                0x000000002000040c       0x14 Middlewares/Third_Party/FreeRTOS/Source/tasks.o
 .bss.uxCurrentNumberOfTasks
                0x0000000020000420        0x4 Middlewares/Third_Party/FreeRTOS/Source/tasks.o
 .bss.xTickCount
                0x0000000020000424        0x4 Middlewares/Third_Party/FreeRTOS/Source/tasks.o
 .bss.uxTopReadyPriority
                0x0000000020000428        0x4 Middlewares/Third_Party/FreeRTOS/Source/tasks.o
 .bss.xSchedulerRunning
                0x000000002000042c        0x4 Middlewares/Third_Party/FreeRTOS/Source/tasks.o
 .bss.uxPendedTicks
                0x0000000020000430        0x4 Middlewares/Third_Party/FreeRTOS/Source/tasks.o
 .bss.xYieldPending
                0x0000000020000434        0x4 Middlewares/Third_Party/FreeRTOS/Source/tasks.o
 .bss.xNumOfOverflows
                0x0000000020000438        0x4 Middlewares/Third_Party/FreeRTOS/Source/tasks.o
 .bss.uxTaskNumber
                0x000000002000043c        0x4 Middlewares/Third_Party/FreeRTOS/Source/tasks.o
 .bss.xNextTaskUnblockTime
                0x0000000020000440        0x4 Middlewares/Third_Party/FreeRTOS/Source/tasks.o
 .bss.xIdleTaskHandle
                0x0000000020000444        0x4 Middlewares/Third_Party/FreeRTOS/Source/tasks.o
 .bss.uxSchedulerSuspended
                0x0000000020000448        0x4 Middlewares/Third_Party/FreeRTOS/Source/tasks.o
 .bss.ucMaxSysCallPriority
                0x000000002000044c        0x1 Middlewares/Third_Party/FreeRTOS/Source/portable/GCC/ARM_CM4F/port.o
 *fill*         0x000000002000044d        0x3 
 .bss.ulMaxPRIGROUPValue
                0x0000000020000450        0x4 Middlewares/Third_Party/FreeRTOS/Source/portable/GCC/ARM_CM4F/port.o
 .bss.ucHeap    0x0000000020000454     0x3c00 Middlewares/Third_Party/FreeRTOS/Source/portable/MemMang/heap_4.o
 .bss.xStart    0x0000000020004054        0x8 Middlewares/Third_Party/FreeRTOS/Source/portable/MemMang/heap_4.o
 .bss.pxEnd     0x000000002000405c        0x4 Middlewares/Third_Party/FreeRTOS/Source/portable/MemMang/heap_4.o
 .bss.xFreeBytesRemaining
                0x0000000020004060        0x4 Middlewares/Third_Party/FreeRTOS/Source/portable/MemMang/heap_4.o
 .bss.xMinimumEverFreeBytesRemaining
                0x0000000020004064        0x4 Middlewares/Third_Party/FreeRTOS/Source/portable/MemMang/heap_4.o
 .bss.xBlockAllocatedBit
                0x0000000020004068        0x4 Middlewares/Third_Party/FreeRTOS/Source/portable/MemMang/heap_4.o
 .bss.Appli_state
                0x000000002000406c        0x1 USB_HOST/App/usb_host.o
                0x000000002000406c                Appli_state
 *fill*         0x000000002000406d        0x3 
 .bss.__malloc_free_list
                0x0000000020004070        0x4 c:/st/stm32cubeide_1.0.2/stm32cubeide/plugins/com.st.stm32cube.ide.mcu.externaltools.gnu-tools-for-stm32.7-2018-q2-update.win32_1.5.0.202011040924/tools/bin/../lib/gcc/arm-none-eabi/7.3.1/../../../../arm-none-eabi/lib/thumb/v7e-m/fpv4-sp/hard\libc_nano.a(lib_a-nano-mallocr.o)
                0x0000000020004070                __malloc_free_list
 .bss.__malloc_sbrk_start
                0x0000000020004074        0x4 c:/st/stm32cubeide_1.0.2/stm32cubeide/plugins/com.st.stm32cube.ide.mcu.externaltools.gnu-tools-for-stm32.7-2018-q2-update.win32_1.5.0.202011040924/tools/bin/../lib/gcc/arm-none-eabi/7.3.1/../../../../arm-none-eabi/lib/thumb/v7e-m/fpv4-sp/hard\libc_nano.a(lib_a-nano-mallocr.o)
                0x0000000020004074                __malloc_sbrk_start
 *(COMMON)
 COMMON         0x0000000020004078      0x13c Core/Src/main.o
                0x0000000020004078                defaultTaskHandle
                0x000000002000407c                hi2c1
                0x00000000200040d0                hspi1
                0x0000000020004128                huart2
                0x0000000020004168                hi2s3
                0x00000000200041b0                Appl_Task1Handle
 COMMON         0x00000000200041b4       0x40 Core/Src/stm32f4xx_hal_timebase_tim.o
                0x00000000200041b4                htim1
 COMMON         0x00000000200041f4        0x4 Drivers/STM32F4xx_HAL_Driver/Src/stm32f4xx_hal.o
                0x00000000200041f4                uwTick
 COMMON         0x00000000200041f8      0x3e4 USB_HOST/App/usb_host.o
                0x00000000200041f8                hUsbHostFS
 COMMON         0x00000000200045dc      0x2c4 USB_HOST/Target/usbh_conf.o
                0x00000000200045dc                hhcd_USB_OTG_FS
 COMMON         0x00000000200048a0        0x4 c:/st/stm32cubeide_1.0.2/stm32cubeide/plugins/com.st.stm32cube.ide.mcu.externaltools.gnu-tools-for-stm32.7-2018-q2-update.win32_1.5.0.202011040924/tools/bin/../lib/gcc/arm-none-eabi/7.3.1/../../../../arm-none-eabi/lib/thumb/v7e-m/fpv4-sp/hard\libc_nano.a(lib_a-reent.o)
                0x00000000200048a0                errno
                0x00000000200048a4                . = ALIGN (0x4)
                0x00000000200048a4                _ebss = .
                0x00000000200048a4                __bss_end__ = _ebss

._user_heap_stack
                0x00000000200048a4      0x604 load address 0x000000000800b5f8
                0x00000000200048a8                . = ALIGN (0x8)
 *fill*         0x00000000200048a4        0x4 
                [!provide]                        PROVIDE (end = .)
                0x00000000200048a8                PROVIDE (_end = .)
                0x0000000020004aa8                . = (. + _Min_Heap_Size)
 *fill*         0x00000000200048a8      0x200 
                0x0000000020004ea8                . = (. + _Min_Stack_Size)
 *fill*         0x0000000020004aa8      0x400 
                0x0000000020004ea8                . = ALIGN (0x8)

/DISCARD/
 libc.a(*)
 libm.a(*)
 libgcc.a(*)

.ARM.attributes
                0x0000000000000000       0x30
 *(.ARM.attributes)
 .ARM.attributes
                0x0000000000000000       0x22 c:/st/stm32cubeide_1.0.2/stm32cubeide/plugins/com.st.stm32cube.ide.mcu.externaltools.gnu-tools-for-stm32.7-2018-q2-update.win32_1.5.0.202011040924/tools/bin/../lib/gcc/arm-none-eabi/7.3.1/thumb/v7e-m/fpv4-sp/hard/crti.o
 .ARM.attributes
                0x0000000000000022       0x34 c:/st/stm32cubeide_1.0.2/stm32cubeide/plugins/com.st.stm32cube.ide.mcu.externaltools.gnu-tools-for-stm32.7-2018-q2-update.win32_1.5.0.202011040924/tools/bin/../lib/gcc/arm-none-eabi/7.3.1/thumb/v7e-m/fpv4-sp/hard/crtbegin.o
 .ARM.attributes
                0x0000000000000056       0x39 Core/Src/freertos.o
 .ARM.attributes
                0x000000000000008f       0x39 Core/Src/main.o
 .ARM.attributes
                0x00000000000000c8       0x39 Core/Src/stm32f4xx_hal_msp.o
 .ARM.attributes
                0x0000000000000101       0x39 Core/Src/stm32f4xx_hal_timebase_tim.o
 .ARM.attributes
                0x000000000000013a       0x39 Core/Src/stm32f4xx_it.o
 .ARM.attributes
                0x0000000000000173       0x39 Core/Src/sysmem.o
 .ARM.attributes
                0x00000000000001ac       0x39 Core/Src/system_stm32f4xx.o
 .ARM.attributes
                0x00000000000001e5       0x21 Core/Startup/startup_stm32f407vgtx.o
 .ARM.attributes
                0x0000000000000206       0x39 Drivers/STM32F4xx_HAL_Driver/Src/stm32f4xx_hal.o
 .ARM.attributes
                0x000000000000023f       0x39 Drivers/STM32F4xx_HAL_Driver/Src/stm32f4xx_hal_cortex.o
 .ARM.attributes
                0x0000000000000278       0x39 Drivers/STM32F4xx_HAL_Driver/Src/stm32f4xx_hal_gpio.o
 .ARM.attributes
                0x00000000000002b1       0x39 Drivers/STM32F4xx_HAL_Driver/Src/stm32f4xx_hal_hcd.o
 .ARM.attributes
                0x00000000000002ea       0x39 Drivers/STM32F4xx_HAL_Driver/Src/stm32f4xx_hal_i2c.o
 .ARM.attributes
                0x0000000000000323       0x39 Drivers/STM32F4xx_HAL_Driver/Src/stm32f4xx_hal_i2s.o
 .ARM.attributes
                0x000000000000035c       0x39 Drivers/STM32F4xx_HAL_Driver/Src/stm32f4xx_hal_i2s_ex.o
 .ARM.attributes
                0x0000000000000395       0x39 Drivers/STM32F4xx_HAL_Driver/Src/stm32f4xx_hal_rcc.o
 .ARM.attributes
                0x00000000000003ce       0x39 Drivers/STM32F4xx_HAL_Driver/Src/stm32f4xx_hal_rcc_ex.o
 .ARM.attributes
                0x0000000000000407       0x39 Drivers/STM32F4xx_HAL_Driver/Src/stm32f4xx_hal_spi.o
 .ARM.attributes
                0x0000000000000440       0x39 Drivers/STM32F4xx_HAL_Driver/Src/stm32f4xx_hal_tim.o
 .ARM.attributes
                0x0000000000000479       0x39 Drivers/STM32F4xx_HAL_Driver/Src/stm32f4xx_hal_tim_ex.o
 .ARM.attributes
                0x00000000000004b2       0x39 Drivers/STM32F4xx_HAL_Driver/Src/stm32f4xx_hal_uart.o
 .ARM.attributes
                0x00000000000004eb       0x39 Drivers/STM32F4xx_HAL_Driver/Src/stm32f4xx_ll_usb.o
 .ARM.attributes
                0x0000000000000524       0x39 Drivers/hc05/src/stm32_uart.o
 .ARM.attributes
                0x000000000000055d       0x39 Middlewares/ST/STM32_USB_Host_Library/Class/CDC/Src/usbh_cdc.o
 .ARM.attributes
                0x0000000000000596       0x39 Middlewares/ST/STM32_USB_Host_Library/Core/Src/usbh_core.o
 .ARM.attributes
                0x00000000000005cf       0x39 Middlewares/ST/STM32_USB_Host_Library/Core/Src/usbh_ctlreq.o
 .ARM.attributes
                0x0000000000000608       0x39 Middlewares/ST/STM32_USB_Host_Library/Core/Src/usbh_ioreq.o
 .ARM.attributes
                0x0000000000000641       0x39 Middlewares/ST/STM32_USB_Host_Library/Core/Src/usbh_pipes.o
 .ARM.attributes
                0x000000000000067a       0x39 Middlewares/Third_Party/FreeRTOS/Source/CMSIS_RTOS/cmsis_os.o
 .ARM.attributes
                0x00000000000006b3       0x39 Middlewares/Third_Party/FreeRTOS/Source/list.o
 .ARM.attributes
                0x00000000000006ec       0x39 Middlewares/Third_Party/FreeRTOS/Source/queue.o
 .ARM.attributes
                0x0000000000000725       0x39 Middlewares/Third_Party/FreeRTOS/Source/tasks.o
 .ARM.attributes
                0x000000000000075e       0x39 Middlewares/Third_Party/FreeRTOS/Source/portable/GCC/ARM_CM4F/port.o
 .ARM.attributes
                0x0000000000000797       0x39 Middlewares/Third_Party/FreeRTOS/Source/portable/MemMang/heap_4.o
 .ARM.attributes
                0x00000000000007d0       0x39 USB_HOST/App/usb_host.o
 .ARM.attributes
                0x0000000000000809       0x39 USB_HOST/Target/usbh_conf.o
 .ARM.attributes
                0x0000000000000842       0x39 USB_HOST/Target/usbh_platform.o
 .ARM.attributes
                0x000000000000087b       0x34 c:/st/stm32cubeide_1.0.2/stm32cubeide/plugins/com.st.stm32cube.ide.mcu.externaltools.gnu-tools-for-stm32.7-2018-q2-update.win32_1.5.0.202011040924/tools/bin/../lib/gcc/arm-none-eabi/7.3.1/../../../../arm-none-eabi/lib/thumb/v7e-m/fpv4-sp/hard\libc_nano.a(lib_a-errno.o)
 .ARM.attributes
                0x00000000000008af       0x34 c:/st/stm32cubeide_1.0.2/stm32cubeide/plugins/com.st.stm32cube.ide.mcu.externaltools.gnu-tools-for-stm32.7-2018-q2-update.win32_1.5.0.202011040924/tools/bin/../lib/gcc/arm-none-eabi/7.3.1/../../../../arm-none-eabi/lib/thumb/v7e-m/fpv4-sp/hard\libc_nano.a(lib_a-impure.o)
 .ARM.attributes
                0x00000000000008e3       0x34 c:/st/stm32cubeide_1.0.2/stm32cubeide/plugins/com.st.stm32cube.ide.mcu.externaltools.gnu-tools-for-stm32.7-2018-q2-update.win32_1.5.0.202011040924/tools/bin/../lib/gcc/arm-none-eabi/7.3.1/../../../../arm-none-eabi/lib/thumb/v7e-m/fpv4-sp/hard\libc_nano.a(lib_a-init.o)
 .ARM.attributes
                0x0000000000000917       0x34 c:/st/stm32cubeide_1.0.2/stm32cubeide/plugins/com.st.stm32cube.ide.mcu.externaltools.gnu-tools-for-stm32.7-2018-q2-update.win32_1.5.0.202011040924/tools/bin/../lib/gcc/arm-none-eabi/7.3.1/../../../../arm-none-eabi/lib/thumb/v7e-m/fpv4-sp/hard\libc_nano.a(lib_a-malloc.o)
 .ARM.attributes
                0x000000000000094b       0x34 c:/st/stm32cubeide_1.0.2/stm32cubeide/plugins/com.st.stm32cube.ide.mcu.externaltools.gnu-tools-for-stm32.7-2018-q2-update.win32_1.5.0.202011040924/tools/bin/../lib/gcc/arm-none-eabi/7.3.1/../../../../arm-none-eabi/lib/thumb/v7e-m/fpv4-sp/hard\libc_nano.a(lib_a-memcpy-stub.o)
 .ARM.attributes
                0x000000000000097f       0x34 c:/st/stm32cubeide_1.0.2/stm32cubeide/plugins/com.st.stm32cube.ide.mcu.externaltools.gnu-tools-for-stm32.7-2018-q2-update.win32_1.5.0.202011040924/tools/bin/../lib/gcc/arm-none-eabi/7.3.1/../../../../arm-none-eabi/lib/thumb/v7e-m/fpv4-sp/hard\libc_nano.a(lib_a-memset.o)
 .ARM.attributes
                0x00000000000009b3       0x34 c:/st/stm32cubeide_1.0.2/stm32cubeide/plugins/com.st.stm32cube.ide.mcu.externaltools.gnu-tools-for-stm32.7-2018-q2-update.win32_1.5.0.202011040924/tools/bin/../lib/gcc/arm-none-eabi/7.3.1/../../../../arm-none-eabi/lib/thumb/v7e-m/fpv4-sp/hard\libc_nano.a(lib_a-nano-freer.o)
 .ARM.attributes
                0x00000000000009e7       0x34 c:/st/stm32cubeide_1.0.2/stm32cubeide/plugins/com.st.stm32cube.ide.mcu.externaltools.gnu-tools-for-stm32.7-2018-q2-update.win32_1.5.0.202011040924/tools/bin/../lib/gcc/arm-none-eabi/7.3.1/../../../../arm-none-eabi/lib/thumb/v7e-m/fpv4-sp/hard\libc_nano.a(lib_a-nano-mallocr.o)
 .ARM.attributes
                0x0000000000000a1b       0x34 c:/st/stm32cubeide_1.0.2/stm32cubeide/plugins/com.st.stm32cube.ide.mcu.externaltools.gnu-tools-for-stm32.7-2018-q2-update.win32_1.5.0.202011040924/tools/bin/../lib/gcc/arm-none-eabi/7.3.1/../../../../arm-none-eabi/lib/thumb/v7e-m/fpv4-sp/hard\libc_nano.a(lib_a-sbrkr.o)
 .ARM.attributes
                0x0000000000000a4f       0x34 c:/st/stm32cubeide_1.0.2/stm32cubeide/plugins/com.st.stm32cube.ide.mcu.externaltools.gnu-tools-for-stm32.7-2018-q2-update.win32_1.5.0.202011040924/tools/bin/../lib/gcc/arm-none-eabi/7.3.1/../../../../arm-none-eabi/lib/thumb/v7e-m/fpv4-sp/hard\libc_nano.a(lib_a-mlock.o)
 .ARM.attributes
                0x0000000000000a83       0x34 c:/st/stm32cubeide_1.0.2/stm32cubeide/plugins/com.st.stm32cube.ide.mcu.externaltools.gnu-tools-for-stm32.7-2018-q2-update.win32_1.5.0.202011040924/tools/bin/../lib/gcc/arm-none-eabi/7.3.1/../../../../arm-none-eabi/lib/thumb/v7e-m/fpv4-sp/hard\libc_nano.a(lib_a-reent.o)
 .ARM.attributes
                0x0000000000000ab7       0x22 c:/st/stm32cubeide_1.0.2/stm32cubeide/plugins/com.st.stm32cube.ide.mcu.externaltools.gnu-tools-for-stm32.7-2018-q2-update.win32_1.5.0.202011040924/tools/bin/../lib/gcc/arm-none-eabi/7.3.1/thumb/v7e-m/fpv4-sp/hard\libgcc.a(_aeabi_uldivmod.o)
 .ARM.attributes
                0x0000000000000ad9       0x34 c:/st/stm32cubeide_1.0.2/stm32cubeide/plugins/com.st.stm32cube.ide.mcu.externaltools.gnu-tools-for-stm32.7-2018-q2-update.win32_1.5.0.202011040924/tools/bin/../lib/gcc/arm-none-eabi/7.3.1/thumb/v7e-m/fpv4-sp/hard\libgcc.a(_udivmoddi4.o)
 .ARM.attributes
                0x0000000000000b0d       0x22 c:/st/stm32cubeide_1.0.2/stm32cubeide/plugins/com.st.stm32cube.ide.mcu.externaltools.gnu-tools-for-stm32.7-2018-q2-update.win32_1.5.0.202011040924/tools/bin/../lib/gcc/arm-none-eabi/7.3.1/thumb/v7e-m/fpv4-sp/hard\libgcc.a(_dvmd_tls.o)
 .ARM.attributes
                0x0000000000000b2f       0x22 c:/st/stm32cubeide_1.0.2/stm32cubeide/plugins/com.st.stm32cube.ide.mcu.externaltools.gnu-tools-for-stm32.7-2018-q2-update.win32_1.5.0.202011040924/tools/bin/../lib/gcc/arm-none-eabi/7.3.1/thumb/v7e-m/fpv4-sp/hard/crtn.o
OUTPUT(VGM_HC05_PROJECT.elf elf32-littlearm)

.debug_info     0x0000000000000000    0x2907d
 .debug_info    0x0000000000000000      0x344 Core/Src/freertos.o
 .debug_info    0x0000000000000344     0x20fe Core/Src/main.o
 .debug_info    0x0000000000002442     0x13b0 Core/Src/stm32f4xx_hal_msp.o
 .debug_info    0x00000000000037f2      0xb2d Core/Src/stm32f4xx_hal_timebase_tim.o
 .debug_info    0x000000000000431f      0xd59 Core/Src/stm32f4xx_it.o
 .debug_info    0x0000000000005078      0x985 Core/Src/sysmem.o
 .debug_info    0x00000000000059fd      0x554 Core/Src/system_stm32f4xx.o
 .debug_info    0x0000000000005f51       0x22 Core/Startup/startup_stm32f407vgtx.o
 .debug_info    0x0000000000005f73      0x945 Drivers/STM32F4xx_HAL_Driver/Src/stm32f4xx_hal.o
 .debug_info    0x00000000000068b8      0xe28 Drivers/STM32F4xx_HAL_Driver/Src/stm32f4xx_hal_cortex.o